[FalkorDB roQuery] total=27.92ms | cypher=MATCH (n) RETURN count(n) as count LIMIT 1...
[FalkorDB roQuery] total=78.62ms | cypher=MATCH (h:Hazard) RETURN h LIMIT 1...
[FalkorDB query] total=68.69ms | cypher=MATCH (n) DETACH DELETE n...
[FalkorDB query] total=18.23ms | cypher=MATCH (n) DETACH DELETE n...
[FalkorDB query] total=32.78ms | cypher=       UNWIND $nodes AS n       MERGE (node:Tenant {id: n.id})       SET node +=...
[FalkorDB query] total=17.82ms | cypher=       UNWIND $nodes AS n       MERGE (node:Incident {id: n.id})       SET node ...
[FalkorDB query] total=13.76ms | cypher=       UNWIND $nodes AS n       MERGE (node:Watch {id: n.id})       SET node += ...
[FalkorDB query] total=19.42ms | cypher=       UNWIND $nodes AS n       MERGE (node:Agent {id: n.id})       SET node += ...
[FalkorDB query] total=27.37ms | cypher=       UNWIND $nodes AS n       MERGE (node:Human {id: n.id})       SET node += ...
[FalkorDB query] total=31.88ms | cypher=       UNWIND $nodes AS n       MERGE (node:Session {id: n.id})       SET node +...
[FalkorDB query] total=32.49ms | cypher=       UNWIND $nodes AS n       MERGE (node:Zone {id: n.id})       SET node += n...
[FalkorDB query] total=15.73ms | cypher=       UNWIND $nodes AS n       MERGE (node:Site {id: n.id})       SET node += n...
[FalkorDB query] total=10.38ms | cypher=       UNWIND $nodes AS n       MERGE (node:Road {id: n.id})       SET node += n...
[FalkorDB query] total=8.40ms | cypher=       UNWIND $nodes AS n       MERGE (node:Hazard {id: n.id})       SET node +=...
[FalkorDB query] total=13.71ms | cypher=       UNWIND $nodes AS n       MERGE (node:Constraint {id: n.id})       SET nod...
[FalkorDB query] total=11.61ms | cypher=       UNWIND $nodes AS n       MERGE (node:Source {id: n.id})       SET node +=...
[FalkorDB query] total=12.34ms | cypher=       UNWIND $nodes AS n       MERGE (node:Household {id: n.id})       SET node...
[FalkorDB query] total=13.42ms | cypher=       UNWIND $nodes AS n       MERGE (node:Person {id: n.id})       SET node +=...
[FalkorDB query] total=11.26ms | cypher=       UNWIND $nodes AS n       MERGE (node:Need {id: n.id})       SET node += n...
[FalkorDB query] total=9.47ms | cypher=       UNWIND $nodes AS n       MERGE (node:Shelter {id: n.id})       SET node +...
[FalkorDB query] total=7.40ms | cypher=       UNWIND $nodes AS n       MERGE (node:Agency {id: n.id})       SET node +=...
[FalkorDB query] total=7.22ms | cypher=       UNWIND $nodes AS n       MERGE (node:Asset {id: n.id})       SET node += ...
[FalkorDB query] total=10.67ms | cypher=       UNWIND $nodes AS n       MERGE (node:Fact {id: n.id})       SET node += n...
[FalkorDB query] total=13.76ms | cypher=       UNWIND $nodes AS n       MERGE (node:Evidence {id: n.id})       SET node ...
[FalkorDB query] total=9.14ms | cypher=       UNWIND $nodes AS n       MERGE (node:OpenLoop {id: n.id})       SET node ...
[FalkorDB query] total=10.99ms | cypher=       UNWIND $nodes AS n       MERGE (node:FailedAttempt {id: n.id})       SET ...
[FalkorDB query] total=10.22ms | cypher=       UNWIND $nodes AS n       MERGE (node:Episode {id: n.id})       SET node +...
[FalkorDB query] total=11.03ms | cypher=       UNWIND $nodes AS n       MERGE (node:Decision {id: n.id})       SET node ...
[FalkorDB query] total=8.46ms | cypher=       UNWIND $nodes AS n       MERGE (node:Handoff {id: n.id})       SET node +...
[FalkorDB query] total=21.56ms | cypher=       UNWIND $rels AS r       MATCH (from:Tenant {id: r.from})       MATCH (to:...
[FalkorDB query] total=11.10ms | cypher=       UNWIND $rels AS r       MATCH (from:Incident {id: r.from})       MATCH (t...
[FalkorDB query] total=9.61ms | cypher=       UNWIND $rels AS r       MATCH (from:Agent {id: r.from})       MATCH (to:T...
[FalkorDB query] total=7.62ms | cypher=       UNWIND $rels AS r       MATCH (from:Human {id: r.from})       MATCH (to:T...
[FalkorDB query] total=13.85ms | cypher=       UNWIND $rels AS r       MATCH (from:Person {id: r.from})       MATCH (to:...
[FalkorDB query] total=4.70ms | cypher=       UNWIND $rels AS r       MATCH (from:Watch {id: r.from})       MATCH (to:S...
[FalkorDB query] total=4.03ms | cypher=       UNWIND $rels AS r       MATCH (from:Session {id: r.from})       MATCH (to...
[FalkorDB query] total=9.49ms | cypher=       UNWIND $rels AS r       MATCH (from:Zone {id: r.from})       MATCH (to:Si...
[FalkorDB query] total=6.72ms | cypher=       UNWIND $rels AS r       MATCH (from:Site {id: r.from})       MATCH (to:Si...
[FalkorDB query] total=9.13ms | cypher=       UNWIND $rels AS r       MATCH (from:Road {id: r.from})       MATCH (to:Si...
[FalkorDB query] total=6.39ms | cypher=       UNWIND $rels AS r       MATCH (from:Incident {id: r.from})       MATCH (t...
[FalkorDB query] total=3.43ms | cypher=       UNWIND $rels AS r       MATCH (from:Hazard {id: r.from})       MATCH (to:...
[FalkorDB query] total=5.80ms | cypher=       UNWIND $rels AS r       MATCH (from:Zone {id: r.from})       MATCH (to:Co...
[FalkorDB query] total=8.42ms | cypher=       UNWIND $rels AS r       MATCH (from:Source {id: r.from})       MATCH (to:...
[FalkorDB query] total=9.73ms | cypher=       UNWIND $rels AS r       MATCH (from:Household {id: r.from})       MATCH (...
[FalkorDB query] total=6.63ms | cypher=       UNWIND $rels AS r       MATCH (from:Person {id: r.from})       MATCH (to:...
[FalkorDB query] total=14.07ms | cypher=       UNWIND $rels AS r       MATCH (from:Shelter {id: r.from})       MATCH (to...
[FalkorDB query] total=41.11ms | cypher=       UNWIND $rels AS r       MATCH (from:Household {id: r.from})       MATCH (...
[FalkorDB query] total=6.87ms | cypher=       UNWIND $rels AS r       MATCH (from:Zone {id: r.from})       MATCH (to:Sh...
[FalkorDB query] total=8.57ms | cypher=       UNWIND $rels AS r       MATCH (from:Shelter {id: r.from})       MATCH (to...
[FalkorDB query] total=6.28ms | cypher=       UNWIND $rels AS r       MATCH (from:Asset {id: r.from})       MATCH (to:S...
[FalkorDB query] total=4.93ms | cypher=       UNWIND $rels AS r       MATCH (from:Agency {id: r.from})       MATCH (to:...
[FalkorDB query] total=6.28ms | cypher=       UNWIND $rels AS r       MATCH (from:Agency {id: r.from})       MATCH (to:...
[FalkorDB query] total=6.09ms | cypher=       UNWIND $rels AS r       MATCH (from:Human {id: r.from})       MATCH (to:A...
[FalkorDB query] total=4.70ms | cypher=       UNWIND $rels AS r       MATCH (from:Agent {id: r.from})       MATCH (to:A...
[FalkorDB query] total=5.83ms | cypher=       UNWIND $rels AS r       MATCH (from:Agency {id: r.from})       MATCH (to:...
[FalkorDB query] total=9.27ms | cypher=       UNWIND $rels AS r       MATCH (from:Asset {id: r.from})       MATCH (to:N...
[FalkorDB query] total=10.57ms | cypher=       UNWIND $rels AS r       MATCH (from:Fact {id: r.from})       MATCH (to:Sh...
[FalkorDB query] total=10.18ms | cypher=       UNWIND $rels AS r       MATCH (from:Evidence {id: r.from})       MATCH (t...
[FalkorDB query] total=5.04ms | cypher=       UNWIND $rels AS r       MATCH (from:Fact {id: r.from})       MATCH (to:Ro...
[FalkorDB query] total=5.91ms | cypher=       UNWIND $rels AS r       MATCH (from:Evidence {id: r.from})       MATCH (t...
[FalkorDB query] total=7.87ms | cypher=       UNWIND $rels AS r       MATCH (from:FailedAttempt {id: r.from})       MAT...
[FalkorDB query] total=7.65ms | cypher=       UNWIND $rels AS r       MATCH (from:Fact {id: r.from})       MATCH (to:Ev...
[FalkorDB query] total=5.43ms | cypher=       UNWIND $rels AS r       MATCH (from:Decision {id: r.from})       MATCH (t...
[FalkorDB query] total=7.60ms | cypher=       UNWIND $rels AS r       MATCH (from:Evidence {id: r.from})       MATCH (t...
[FalkorDB query] total=4.08ms | cypher=       UNWIND $rels AS r       MATCH (from:OpenLoop {id: r.from})       MATCH (t...
[FalkorDB query] total=7.07ms | cypher=       UNWIND $rels AS r       MATCH (from:FailedAttempt {id: r.from})       MAT...
[FalkorDB query] total=6.84ms | cypher=       UNWIND $rels AS r       MATCH (from:Session {id: r.from})       MATCH (to...
[FalkorDB query] total=7.35ms | cypher=       UNWIND $rels AS r       MATCH (from:Agent {id: r.from})       MATCH (to:E...
[FalkorDB query] total=9.21ms | cypher=       UNWIND $rels AS r       MATCH (from:Episode {id: r.from})       MATCH (to...
[FalkorDB query] total=6.68ms | cypher=       UNWIND $rels AS r       MATCH (from:Episode {id: r.from})       MATCH (to...
[FalkorDB query] total=4.52ms | cypher=       UNWIND $rels AS r       MATCH (from:Episode {id: r.from})       MATCH (to...
[FalkorDB query] total=6.06ms | cypher=       UNWIND $rels AS r       MATCH (from:Decision {id: r.from})       MATCH (t...
[FalkorDB query] total=6.16ms | cypher=       UNWIND $rels AS r       MATCH (from:Decision {id: r.from})       MATCH (t...
[FalkorDB query] total=4.80ms | cypher=       UNWIND $rels AS r       MATCH (from:Decision {id: r.from})       MATCH (t...
[FalkorDB query] total=3.95ms | cypher=       UNWIND $rels AS r       MATCH (from:Agent {id: r.from})       MATCH (to:D...
[FalkorDB query] total=6.96ms | cypher=       UNWIND $rels AS r       MATCH (from:Decision {id: r.from})       MATCH (t...
[FalkorDB query] total=7.59ms | cypher=       UNWIND $rels AS r       MATCH (from:Episode {id: r.from})       MATCH (to...
[FalkorDB query] total=8.77ms | cypher=       UNWIND $rels AS r       MATCH (from:Watch {id: r.from})       MATCH (to:H...
[FalkorDB query] total=15.97ms | cypher=       UNWIND $rels AS r       MATCH (from:Handoff {id: r.from})       MATCH (to...
[FalkorDB query] total=6.57ms | cypher=       UNWIND $rels AS r       MATCH (from:Handoff {id: r.from})       MATCH (to...
[FalkorDB query] total=8.04ms | cypher=       UNWIND $rels AS r       MATCH (from:Handoff {id: r.from})       MATCH (to...
[FalkorDB query] total=3.94ms | cypher=       UNWIND $rels AS r       MATCH (from:Episode {id: r.from})       MATCH (to...
[FalkorDB query] total=5.34ms | cypher=MATCH (n) RETURN count(n) as count...
[FalkorDB query] total=5.85ms | cypher=MATCH (n {id: 'shelter_riverside'}) RETURN n...
[FalkorDB query] total=4.68ms | cypher=MATCH (n {id: 'road_west_connector'}) RETURN n...
Γû╢ Loci winning demo
  Γ£ö seeds a connected operational graph (3534.7895ms)
[FalkorDB query] total=11.61ms | cypher=MATCH (n) DETACH DELETE n...
[FalkorDB query] total=6.04ms | cypher=       UNWIND $nodes AS n       MERGE (node:Tenant {id: n.id})       SET node +=...
[FalkorDB query] total=6.04ms | cypher=       UNWIND $nodes AS n       MERGE (node:Incident {id: n.id})       SET node ...
[FalkorDB query] total=3.35ms | cypher=       UNWIND $nodes AS n       MERGE (node:Watch {id: n.id})       SET node += ...
[FalkorDB query] total=7.87ms | cypher=       UNWIND $nodes AS n       MERGE (node:Agent {id: n.id})       SET node += ...
[FalkorDB query] total=7.47ms | cypher=       UNWIND $nodes AS n       MERGE (node:Human {id: n.id})       SET node += ...
[FalkorDB query] total=7.68ms | cypher=       UNWIND $nodes AS n       MERGE (node:Session {id: n.id})       SET node +...
[FalkorDB query] total=6.62ms | cypher=       UNWIND $nodes AS n       MERGE (node:Zone {id: n.id})       SET node += n...
[FalkorDB query] total=6.14ms | cypher=       UNWIND $nodes AS n       MERGE (node:Site {id: n.id})       SET node += n...
[FalkorDB query] total=4.76ms | cypher=       UNWIND $nodes AS n       MERGE (node:Road {id: n.id})       SET node += n...
[FalkorDB query] total=6.39ms | cypher=       UNWIND $nodes AS n       MERGE (node:Hazard {id: n.id})       SET node +=...
[FalkorDB query] total=5.54ms | cypher=       UNWIND $nodes AS n       MERGE (node:Constraint {id: n.id})       SET nod...
[FalkorDB query] total=8.03ms | cypher=       UNWIND $nodes AS n       MERGE (node:Source {id: n.id})       SET node +=...
[FalkorDB query] total=3.79ms | cypher=       UNWIND $nodes AS n       MERGE (node:Household {id: n.id})       SET node...
[FalkorDB query] total=6.24ms | cypher=       UNWIND $nodes AS n       MERGE (node:Person {id: n.id})       SET node +=...
[FalkorDB query] total=10.07ms | cypher=       UNWIND $nodes AS n       MERGE (node:Need {id: n.id})       SET node += n...
[FalkorDB query] total=6.96ms | cypher=       UNWIND $nodes AS n       MERGE (node:Shelter {id: n.id})       SET node +...
[FalkorDB query] total=6.97ms | cypher=       UNWIND $nodes AS n       MERGE (node:Agency {id: n.id})       SET node +=...
[FalkorDB query] total=6.24ms | cypher=       UNWIND $nodes AS n       MERGE (node:Asset {id: n.id})       SET node += ...
[FalkorDB query] total=4.66ms | cypher=       UNWIND $nodes AS n       MERGE (node:Fact {id: n.id})       SET node += n...
[FalkorDB query] total=6.14ms | cypher=       UNWIND $nodes AS n       MERGE (node:Evidence {id: n.id})       SET node ...
[FalkorDB query] total=6.93ms | cypher=       UNWIND $nodes AS n       MERGE (node:OpenLoop {id: n.id})       SET node ...
[FalkorDB query] total=6.50ms | cypher=       UNWIND $nodes AS n       MERGE (node:FailedAttempt {id: n.id})       SET ...
[FalkorDB query] total=4.69ms | cypher=       UNWIND $nodes AS n       MERGE (node:Episode {id: n.id})       SET node +...
[FalkorDB query] total=5.01ms | cypher=       UNWIND $nodes AS n       MERGE (node:Decision {id: n.id})       SET node ...
[FalkorDB query] total=5.57ms | cypher=       UNWIND $nodes AS n       MERGE (node:Handoff {id: n.id})       SET node +...
[FalkorDB query] total=4.44ms | cypher=       UNWIND $rels AS r       MATCH (from:Tenant {id: r.from})       MATCH (to:...
[FalkorDB query] total=5.13ms | cypher=       UNWIND $rels AS r       MATCH (from:Incident {id: r.from})       MATCH (t...
[FalkorDB query] total=6.49ms | cypher=       UNWIND $rels AS r       MATCH (from:Agent {id: r.from})       MATCH (to:T...
[FalkorDB query] total=5.00ms | cypher=       UNWIND $rels AS r       MATCH (from:Human {id: r.from})       MATCH (to:T...
[FalkorDB query] total=8.76ms | cypher=       UNWIND $rels AS r       MATCH (from:Person {id: r.from})       MATCH (to:...
[FalkorDB query] total=6.25ms | cypher=       UNWIND $rels AS r       MATCH (from:Watch {id: r.from})       MATCH (to:S...
[FalkorDB query] total=7.11ms | cypher=       UNWIND $rels AS r       MATCH (from:Session {id: r.from})       MATCH (to...
[FalkorDB query] total=7.47ms | cypher=       UNWIND $rels AS r       MATCH (from:Zone {id: r.from})       MATCH (to:Si...
[FalkorDB query] total=6.66ms | cypher=       UNWIND $rels AS r       MATCH (from:Site {id: r.from})       MATCH (to:Si...
[FalkorDB query] total=6.09ms | cypher=       UNWIND $rels AS r       MATCH (from:Road {id: r.from})       MATCH (to:Si...
[FalkorDB query] total=3.20ms | cypher=       UNWIND $rels AS r       MATCH (from:Incident {id: r.from})       MATCH (t...
[FalkorDB query] total=5.66ms | cypher=       UNWIND $rels AS r       MATCH (from:Hazard {id: r.from})       MATCH (to:...
[FalkorDB query] total=4.36ms | cypher=       UNWIND $rels AS r       MATCH (from:Zone {id: r.from})       MATCH (to:Co...
[FalkorDB query] total=4.94ms | cypher=       UNWIND $rels AS r       MATCH (from:Source {id: r.from})       MATCH (to:...
[FalkorDB query] total=8.06ms | cypher=       UNWIND $rels AS r       MATCH (from:Household {id: r.from})       MATCH (...
[FalkorDB query] total=5.89ms | cypher=       UNWIND $rels AS r       MATCH (from:Person {id: r.from})       MATCH (to:...
[FalkorDB query] total=8.67ms | cypher=       UNWIND $rels AS r       MATCH (from:Shelter {id: r.from})       MATCH (to...
[FalkorDB query] total=10.93ms | cypher=       UNWIND $rels AS r       MATCH (from:Household {id: r.from})       MATCH (...
[FalkorDB query] total=7.90ms | cypher=       UNWIND $rels AS r       MATCH (from:Zone {id: r.from})       MATCH (to:Sh...
[FalkorDB query] total=13.29ms | cypher=       UNWIND $rels AS r       MATCH (from:Shelter {id: r.from})       MATCH (to...
[FalkorDB query] total=43.11ms | cypher=       UNWIND $rels AS r       MATCH (from:Asset {id: r.from})       MATCH (to:S...
[FalkorDB query] total=7.42ms | cypher=       UNWIND $rels AS r       MATCH (from:Agency {id: r.from})       MATCH (to:...
[FalkorDB query] total=5.34ms | cypher=       UNWIND $rels AS r       MATCH (from:Agency {id: r.from})       MATCH (to:...
[FalkorDB query] total=4.09ms | cypher=       UNWIND $rels AS r       MATCH (from:Human {id: r.from})       MATCH (to:A...
[FalkorDB query] total=6.41ms | cypher=       UNWIND $rels AS r       MATCH (from:Agent {id: r.from})       MATCH (to:A...
[FalkorDB query] total=5.76ms | cypher=       UNWIND $rels AS r       MATCH (from:Agency {id: r.from})       MATCH (to:...
[FalkorDB query] total=3.50ms | cypher=       UNWIND $rels AS r       MATCH (from:Asset {id: r.from})       MATCH (to:N...
[FalkorDB query] total=6.43ms | cypher=       UNWIND $rels AS r       MATCH (from:Fact {id: r.from})       MATCH (to:Sh...
[FalkorDB query] total=3.33ms | cypher=       UNWIND $rels AS r       MATCH (from:Evidence {id: r.from})       MATCH (t...
[FalkorDB query] total=5.61ms | cypher=       UNWIND $rels AS r       MATCH (from:Fact {id: r.from})       MATCH (to:Ro...
[FalkorDB query] total=5.48ms | cypher=       UNWIND $rels AS r       MATCH (from:Evidence {id: r.from})       MATCH (t...
[FalkorDB query] total=2.92ms | cypher=       UNWIND $rels AS r       MATCH (from:FailedAttempt {id: r.from})       MAT...
[FalkorDB query] total=7.15ms | cypher=       UNWIND $rels AS r       MATCH (from:Fact {id: r.from})       MATCH (to:Ev...
[FalkorDB query] total=3.65ms | cypher=       UNWIND $rels AS r       MATCH (from:Decision {id: r.from})       MATCH (t...
[FalkorDB query] total=5.02ms | cypher=       UNWIND $rels AS r       MATCH (from:Evidence {id: r.from})       MATCH (t...
[FalkorDB query] total=5.64ms | cypher=       UNWIND $rels AS r       MATCH (from:OpenLoop {id: r.from})       MATCH (t...
[FalkorDB query] total=3.46ms | cypher=       UNWIND $rels AS r       MATCH (from:FailedAttempt {id: r.from})       MAT...
[FalkorDB query] total=5.36ms | cypher=       UNWIND $rels AS r       MATCH (from:Session {id: r.from})       MATCH (to...
[FalkorDB query] total=2.22ms | cypher=       UNWIND $rels AS r       MATCH (from:Agent {id: r.from})       MATCH (to:E...
[FalkorDB query] total=4.43ms | cypher=       UNWIND $rels AS r       MATCH (from:Episode {id: r.from})       MATCH (to...
[FalkorDB query] total=2.84ms | cypher=       UNWIND $rels AS r       MATCH (from:Episode {id: r.from})       MATCH (to...
[FalkorDB query] total=4.99ms | cypher=       UNWIND $rels AS r       MATCH (from:Episode {id: r.from})       MATCH (to...
[FalkorDB query] total=3.51ms | cypher=       UNWIND $rels AS r       MATCH (from:Decision {id: r.from})       MATCH (t...
[FalkorDB query] total=7.14ms | cypher=       UNWIND $rels AS r       MATCH (from:Decision {id: r.from})       MATCH (t...
[FalkorDB query] total=6.85ms | cypher=       UNWIND $rels AS r       MATCH (from:Decision {id: r.from})       MATCH (t...
[FalkorDB query] total=7.47ms | cypher=       UNWIND $rels AS r       MATCH (from:Agent {id: r.from})       MATCH (to:D...
[FalkorDB query] total=10.99ms | cypher=       UNWIND $rels AS r       MATCH (from:Decision {id: r.from})       MATCH (t...
[FalkorDB query] total=14.96ms | cypher=       UNWIND $rels AS r       MATCH (from:Episode {id: r.from})       MATCH (to...
[FalkorDB query] total=10.19ms | cypher=       UNWIND $rels AS r       MATCH (from:Watch {id: r.from})       MATCH (to:H...
[FalkorDB query] total=59.01ms | cypher=       UNWIND $rels AS r       MATCH (from:Handoff {id: r.from})       MATCH (to...
[FalkorDB query] total=40.02ms | cypher=       UNWIND $rels AS r       MATCH (from:Handoff {id: r.from})       MATCH (to...
[FalkorDB query] total=48.00ms | cypher=       UNWIND $rels AS r       MATCH (from:Handoff {id: r.from})       MATCH (to...
[FalkorDB query] total=47.49ms | cypher=       UNWIND $rels AS r       MATCH (from:Episode {id: r.from})       MATCH (to...
[FalkorDB roQuery] total=501.18ms | cypher=MATCH (h:Hazard {id: $hazard_id})-[:AFFECTS]->(z:Zone) MATCH (hh:Household)-[:LO...
[FalkorDB roQuery] total=38.62ms | cypher=MATCH (f:Fact)-[:ABOUT]->(subject) WHERE f.valid_from <= $reference_time   AND (...
[FalkorDB roQuery] total=47.38ms | cypher=MATCH (s:Site)-[r:CONNECTED_BY]->(t:Site) RETURN s.id as from, t.id as to, r...
[FalkorDB query] total=33.39ms | cypher=MATCH (n {id: $id}) RETURN n...
[FalkorDB query] total=96.65ms | cypher=MATCH ({id: $id})-[:AFFECTS]->(z) RETURN z...
[FalkorDB query] total=40.15ms | cypher=MATCH (n {id: $id}) RETURN n...
[FalkorDB query] total=43.56ms | cypher=MATCH (h:Household)-[:HAS_NEED]->(n:Need) RETURN h, n LIMIT 1...
[FalkorDB query] total=32.45ms | cypher=MATCH (n {id: $id}) RETURN n...
[FalkorDB query] total=55.90ms | cypher=MATCH (n {id: $id}) RETURN n...
[FalkorDB query] total=20.17ms | cypher=MATCH (n {id: $id}) RETURN n...
[FalkorDB query] total=18.88ms | cypher=MATCH (n {id: $id}) RETURN n...
[FalkorDB query] total=29.28ms | cypher=MATCH (n {id: $id}) RETURN n...
[FalkorDB query] total=22.14ms | cypher=MATCH (n {id: $id}) RETURN n...
[FalkorDB query] total=15.55ms | cypher=MATCH (n {id: $id}) RETURN n...
[FalkorDB query] total=35.86ms | cypher=MATCH (n {id: $id}) RETURN n...
[FalkorDB query] total=29.92ms | cypher=MATCH (n {id: $id}) RETURN n...
[FalkorDB query] total=19.25ms | cypher=MATCH (f:Fact)-[:ABOUT]->(about) WHERE f.status = 'VALID' AND about.id IN $ids R...
[FalkorDB query] total=55.71ms | cypher=MATCH (f:Fact {id: $factId})-[:SUPPORTED_BY]->(e:Evidence) OPTIONAL MATCH (e)-[:...
[FalkorDB query] total=42.70ms | cypher=MATCH (f:Fact {id: $factId})-[:SUPPORTED_BY]->(e:Evidence) OPTIONAL MATCH (e)-[:...
[FalkorDB query] total=41.20ms | cypher=MATCH (f:Fact {id: $factId})-[:SUPPORTED_BY]->(e:Evidence) OPTIONAL MATCH (e)-[:...
[FalkorDB query] total=66.76ms | cypher=MATCH (f:Fact {id: $factId})-[:SUPPORTED_BY]->(e:Evidence) OPTIONAL MATCH (e)-[:...
[FalkorDB query] total=39.54ms | cypher=MATCH (n {id: $id}) RETURN n.name as name...
  Γ£ö selects Riverside High at 14:00 via multi-hop traversal (2081.5389ms)
[FalkorDB query] total=36.81ms | cypher=MATCH (n) DETACH DELETE n...
[FalkorDB query] total=31.83ms | cypher=MATCH (n) DETACH DELETE n...
[FalkorDB query] total=38.59ms | cypher=       UNWIND $nodes AS n       MERGE (node:Tenant {id: n.id})       SET node +=...
[FalkorDB query] total=23.82ms | cypher=       UNWIND $nodes AS n       MERGE (node:Incident {id: n.id})       SET node ...
[FalkorDB query] total=26.66ms | cypher=       UNWIND $nodes AS n       MERGE (node:Watch {id: n.id})       SET node += ...
[FalkorDB query] total=15.51ms | cypher=       UNWIND $nodes AS n       MERGE (node:Agent {id: n.id})       SET node += ...
[FalkorDB query] total=16.37ms | cypher=       UNWIND $nodes AS n       MERGE (node:Human {id: n.id})       SET node += ...
[FalkorDB query] total=24.76ms | cypher=       UNWIND $nodes AS n       MERGE (node:Session {id: n.id})       SET node +...
[FalkorDB query] total=16.45ms | cypher=       UNWIND $nodes AS n       MERGE (node:Zone {id: n.id})       SET node += n...
[FalkorDB query] total=31.84ms | cypher=       UNWIND $nodes AS n       MERGE (node:Site {id: n.id})       SET node += n...
[FalkorDB query] total=19.66ms | cypher=       UNWIND $nodes AS n       MERGE (node:Road {id: n.id})       SET node += n...
[FalkorDB query] total=28.85ms | cypher=       UNWIND $nodes AS n       MERGE (node:Hazard {id: n.id})       SET node +=...
[FalkorDB query] total=11.96ms | cypher=       UNWIND $nodes AS n       MERGE (node:Constraint {id: n.id})       SET nod...
[FalkorDB query] total=87.62ms | cypher=       UNWIND $nodes AS n       MERGE (node:Source {id: n.id})       SET node +=...
[FalkorDB query] total=16.63ms | cypher=       UNWIND $nodes AS n       MERGE (node:Household {id: n.id})       SET node...
[FalkorDB query] total=12.51ms | cypher=       UNWIND $nodes AS n       MERGE (node:Person {id: n.id})       SET node +=...
[FalkorDB query] total=19.59ms | cypher=       UNWIND $nodes AS n       MERGE (node:Need {id: n.id})       SET node += n...
[FalkorDB query] total=17.83ms | cypher=       UNWIND $nodes AS n       MERGE (node:Shelter {id: n.id})       SET node +...
[FalkorDB query] total=40.76ms | cypher=       UNWIND $nodes AS n       MERGE (node:Agency {id: n.id})       SET node +=...
[FalkorDB query] total=24.72ms | cypher=       UNWIND $nodes AS n       MERGE (node:Asset {id: n.id})       SET node += ...
[FalkorDB query] total=16.65ms | cypher=       UNWIND $nodes AS n       MERGE (node:Fact {id: n.id})       SET node += n...
[FalkorDB query] total=18.07ms | cypher=       UNWIND $nodes AS n       MERGE (node:Evidence {id: n.id})       SET node ...
[FalkorDB query] total=8.90ms | cypher=       UNWIND $nodes AS n       MERGE (node:OpenLoop {id: n.id})       SET node ...
[FalkorDB query] total=13.83ms | cypher=       UNWIND $nodes AS n       MERGE (node:FailedAttempt {id: n.id})       SET ...
[FalkorDB query] total=23.72ms | cypher=       UNWIND $nodes AS n       MERGE (node:Episode {id: n.id})       SET node +...
[FalkorDB query] total=11.19ms | cypher=       UNWIND $nodes AS n       MERGE (node:Decision {id: n.id})       SET node ...
[FalkorDB query] total=9.74ms | cypher=       UNWIND $nodes AS n       MERGE (node:Handoff {id: n.id})       SET node +...
[FalkorDB query] total=12.16ms | cypher=       UNWIND $rels AS r       MATCH (from:Tenant {id: r.from})       MATCH (to:...
[FalkorDB query] total=8.26ms | cypher=       UNWIND $rels AS r       MATCH (from:Incident {id: r.from})       MATCH (t...
[FalkorDB query] total=7.76ms | cypher=       UNWIND $rels AS r       MATCH (from:Agent {id: r.from})       MATCH (to:T...
[FalkorDB query] total=7.97ms | cypher=       UNWIND $rels AS r       MATCH (from:Human {id: r.from})       MATCH (to:T...
[FalkorDB query] total=17.18ms | cypher=       UNWIND $rels AS r       MATCH (from:Person {id: r.from})       MATCH (to:...
[FalkorDB query] total=17.92ms | cypher=       UNWIND $rels AS r       MATCH (from:Watch {id: r.from})       MATCH (to:S...
[FalkorDB query] total=14.14ms | cypher=       UNWIND $rels AS r       MATCH (from:Session {id: r.from})       MATCH (to...
[FalkorDB query] total=8.95ms | cypher=       UNWIND $rels AS r       MATCH (from:Zone {id: r.from})       MATCH (to:Si...
[FalkorDB query] total=9.39ms | cypher=       UNWIND $rels AS r       MATCH (from:Site {id: r.from})       MATCH (to:Si...
[FalkorDB query] total=12.81ms | cypher=       UNWIND $rels AS r       MATCH (from:Road {id: r.from})       MATCH (to:Si...
[FalkorDB query] total=8.23ms | cypher=       UNWIND $rels AS r       MATCH (from:Incident {id: r.from})       MATCH (t...
[FalkorDB query] total=5.37ms | cypher=       UNWIND $rels AS r       MATCH (from:Hazard {id: r.from})       MATCH (to:...
[FalkorDB query] total=6.32ms | cypher=       UNWIND $rels AS r       MATCH (from:Zone {id: r.from})       MATCH (to:Co...
[FalkorDB query] total=5.59ms | cypher=       UNWIND $rels AS r       MATCH (from:Source {id: r.from})       MATCH (to:...
[FalkorDB query] total=7.06ms | cypher=       UNWIND $rels AS r       MATCH (from:Household {id: r.from})       MATCH (...
[FalkorDB query] total=6.97ms | cypher=       UNWIND $rels AS r       MATCH (from:Person {id: r.from})       MATCH (to:...
[FalkorDB query] total=8.48ms | cypher=       UNWIND $rels AS r       MATCH (from:Shelter {id: r.from})       MATCH (to...
[FalkorDB query] total=16.81ms | cypher=       UNWIND $rels AS r       MATCH (from:Household {id: r.from})       MATCH (...
[FalkorDB query] total=16.70ms | cypher=       UNWIND $rels AS r       MATCH (from:Zone {id: r.from})       MATCH (to:Sh...
[FalkorDB query] total=11.52ms | cypher=       UNWIND $rels AS r       MATCH (from:Shelter {id: r.from})       MATCH (to...
[FalkorDB query] total=15.57ms | cypher=       UNWIND $rels AS r       MATCH (from:Asset {id: r.from})       MATCH (to:S...
[FalkorDB query] total=14.51ms | cypher=       UNWIND $rels AS r       MATCH (from:Agency {id: r.from})       MATCH (to:...
[FalkorDB query] total=8.26ms | cypher=       UNWIND $rels AS r       MATCH (from:Agency {id: r.from})       MATCH (to:...
[FalkorDB query] total=12.37ms | cypher=       UNWIND $rels AS r       MATCH (from:Human {id: r.from})       MATCH (to:A...
[FalkorDB query] total=13.76ms | cypher=       UNWIND $rels AS r       MATCH (from:Agent {id: r.from})       MATCH (to:A...
[FalkorDB query] total=8.95ms | cypher=       UNWIND $rels AS r       MATCH (from:Agency {id: r.from})       MATCH (to:...
[FalkorDB query] total=8.50ms | cypher=       UNWIND $rels AS r       MATCH (from:Asset {id: r.from})       MATCH (to:N...
[FalkorDB query] total=5.98ms | cypher=       UNWIND $rels AS r       MATCH (from:Fact {id: r.from})       MATCH (to:Sh...
[FalkorDB query] total=9.27ms | cypher=       UNWIND $rels AS r       MATCH (from:Evidence {id: r.from})       MATCH (t...
[FalkorDB query] total=9.98ms | cypher=       UNWIND $rels AS r       MATCH (from:Fact {id: r.from})       MATCH (to:Ro...
[FalkorDB query] total=15.06ms | cypher=       UNWIND $rels AS r       MATCH (from:Evidence {id: r.from})       MATCH (t...
[FalkorDB query] total=16.50ms | cypher=       UNWIND $rels AS r       MATCH (from:FailedAttempt {id: r.from})       MAT...
[FalkorDB query] total=5.82ms | cypher=       UNWIND $rels AS r       MATCH (from:Fact {id: r.from})       MATCH (to:Ev...
[FalkorDB query] total=8.05ms | cypher=       UNWIND $rels AS r       MATCH (from:Decision {id: r.from})       MATCH (t...
[FalkorDB query] total=9.43ms | cypher=       UNWIND $rels AS r       MATCH (from:Evidence {id: r.from})       MATCH (t...
[FalkorDB query] total=12.54ms | cypher=       UNWIND $rels AS r       MATCH (from:OpenLoop {id: r.from})       MATCH (t...
[FalkorDB query] total=7.62ms | cypher=       UNWIND $rels AS r       MATCH (from:FailedAttempt {id: r.from})       MAT...
[FalkorDB query] total=9.47ms | cypher=       UNWIND $rels AS r       MATCH (from:Session {id: r.from})       MATCH (to...
[FalkorDB query] total=22.41ms | cypher=       UNWIND $rels AS r       MATCH (from:Agent {id: r.from})       MATCH (to:E...
[FalkorDB query] total=16.04ms | cypher=       UNWIND $rels AS r       MATCH (from:Episode {id: r.from})       MATCH (to...
[FalkorDB query] total=7.71ms | cypher=       UNWIND $rels AS r       MATCH (from:Episode {id: r.from})       MATCH (to...
[FalkorDB query] total=8.50ms | cypher=       UNWIND $rels AS r       MATCH (from:Episode {id: r.from})       MATCH (to...
[FalkorDB query] total=12.91ms | cypher=       UNWIND $rels AS r       MATCH (from:Decision {id: r.from})       MATCH (t...
[FalkorDB query] total=13.19ms | cypher=       UNWIND $rels AS r       MATCH (from:Decision {id: r.from})       MATCH (t...
[FalkorDB query] total=19.60ms | cypher=       UNWIND $rels AS r       MATCH (from:Decision {id: r.from})       MATCH (t...
[FalkorDB query] total=10.38ms | cypher=       UNWIND $rels AS r       MATCH (from:Agent {id: r.from})       MATCH (to:D...
[FalkorDB query] total=8.94ms | cypher=       UNWIND $rels AS r       MATCH (from:Decision {id: r.from})       MATCH (t...
[FalkorDB query] total=9.66ms | cypher=       UNWIND $rels AS r       MATCH (from:Episode {id: r.from})       MATCH (to...
[FalkorDB query] total=5.45ms | cypher=       UNWIND $rels AS r       MATCH (from:Watch {id: r.from})       MATCH (to:H...
[FalkorDB query] total=3.85ms | cypher=       UNWIND $rels AS r       MATCH (from:Handoff {id: r.from})       MATCH (to...
[FalkorDB query] total=5.25ms | cypher=       UNWIND $rels AS r       MATCH (from:Handoff {id: r.from})       MATCH (to...
[FalkorDB query] total=4.74ms | cypher=       UNWIND $rels AS r       MATCH (from:Handoff {id: r.from})       MATCH (to...
[FalkorDB query] total=5.78ms | cypher=       UNWIND $rels AS r       MATCH (from:Episode {id: r.from})       MATCH (to...
[FalkorDB roQuery] total=85.63ms | cypher=MATCH (h:Hazard {id: $hazard_id})-[:AFFECTS]->(z:Zone) MATCH (hh:Household)-[:LO...
[FalkorDB roQuery] total=9.72ms | cypher=MATCH (f:Fact)-[:ABOUT]->(subject) WHERE f.valid_from <= $reference_time   AND (...
[FalkorDB roQuery] total=5.43ms | cypher=MATCH (s:Site)-[r:CONNECTED_BY]->(t:Site) RETURN s.id as from, t.id as to, r...
  Γ£ö does not treat North School as feasible because of the failed attempt (1335.0341ms)
[FalkorDB query] total=21.99ms | cypher=MATCH (n) DETACH DELETE n...
[FalkorDB query] total=4.59ms | cypher=       UNWIND $nodes AS n       MERGE (node:Tenant {id: n.id})       SET node +=...
[FalkorDB query] total=6.90ms | cypher=       UNWIND $nodes AS n       MERGE (node:Incident {id: n.id})       SET node ...
[FalkorDB query] total=6.86ms | cypher=       UNWIND $nodes AS n       MERGE (node:Watch {id: n.id})       SET node += ...
[FalkorDB query] total=20.16ms | cypher=       UNWIND $nodes AS n       MERGE (node:Agent {id: n.id})       SET node += ...
[FalkorDB query] total=6.33ms | cypher=       UNWIND $nodes AS n       MERGE (node:Human {id: n.id})       SET node += ...
[FalkorDB query] total=6.41ms | cypher=       UNWIND $nodes AS n       MERGE (node:Session {id: n.id})       SET node +...
[FalkorDB query] total=9.30ms | cypher=       UNWIND $nodes AS n       MERGE (node:Zone {id: n.id})       SET node += n...
[FalkorDB query] total=10.55ms | cypher=       UNWIND $nodes AS n       MERGE (node:Site {id: n.id})       SET node += n...
[FalkorDB query] total=6.46ms | cypher=       UNWIND $nodes AS n       MERGE (node:Road {id: n.id})       SET node += n...
[FalkorDB query] total=5.49ms | cypher=       UNWIND $nodes AS n       MERGE (node:Hazard {id: n.id})       SET node +=...
[FalkorDB query] total=2.79ms | cypher=       UNWIND $nodes AS n       MERGE (node:Constraint {id: n.id})       SET nod...
[FalkorDB query] total=7.31ms | cypher=       UNWIND $nodes AS n       MERGE (node:Source {id: n.id})       SET node +=...
[FalkorDB query] total=5.52ms | cypher=       UNWIND $nodes AS n       MERGE (node:Household {id: n.id})       SET node...
[FalkorDB query] total=7.02ms | cypher=       UNWIND $nodes AS n       MERGE (node:Person {id: n.id})       SET node +=...
[FalkorDB query] total=5.08ms | cypher=       UNWIND $nodes AS n       MERGE (node:Need {id: n.id})       SET node += n...
[FalkorDB query] total=3.79ms | cypher=       UNWIND $nodes AS n       MERGE (node:Shelter {id: n.id})       SET node +...
[FalkorDB query] total=6.44ms | cypher=       UNWIND $nodes AS n       MERGE (node:Agency {id: n.id})       SET node +=...
[FalkorDB query] total=3.65ms | cypher=       UNWIND $nodes AS n       MERGE (node:Asset {id: n.id})       SET node += ...
[FalkorDB query] total=5.98ms | cypher=       UNWIND $nodes AS n       MERGE (node:Fact {id: n.id})       SET node += n...
[FalkorDB query] total=5.66ms | cypher=       UNWIND $nodes AS n       MERGE (node:Evidence {id: n.id})       SET node ...
[FalkorDB query] total=3.47ms | cypher=       UNWIND $nodes AS n       MERGE (node:OpenLoop {id: n.id})       SET node ...
[FalkorDB query] total=5.84ms | cypher=       UNWIND $nodes AS n       MERGE (node:FailedAttempt {id: n.id})       SET ...
[FalkorDB query] total=5.92ms | cypher=       UNWIND $nodes AS n       MERGE (node:Episode {id: n.id})       SET node +...
[FalkorDB query] total=4.41ms | cypher=       UNWIND $nodes AS n       MERGE (node:Decision {id: n.id})       SET node ...
[FalkorDB query] total=14.46ms | cypher=       UNWIND $nodes AS n       MERGE (node:Handoff {id: n.id})       SET node +...
[FalkorDB query] total=9.38ms | cypher=       UNWIND $rels AS r       MATCH (from:Tenant {id: r.from})       MATCH (to:...
[FalkorDB query] total=12.25ms | cypher=       UNWIND $rels AS r       MATCH (from:Incident {id: r.from})       MATCH (t...
[FalkorDB query] total=9.08ms | cypher=       UNWIND $rels AS r       MATCH (from:Agent {id: r.from})       MATCH (to:T...
[FalkorDB query] total=3.64ms | cypher=       UNWIND $rels AS r       MATCH (from:Human {id: r.from})       MATCH (to:T...
[FalkorDB query] total=8.94ms | cypher=       UNWIND $rels AS r       MATCH (from:Person {id: r.from})       MATCH (to:...
[FalkorDB query] total=6.04ms | cypher=       UNWIND $rels AS r       MATCH (from:Watch {id: r.from})       MATCH (to:S...
[FalkorDB query] total=6.81ms | cypher=       UNWIND $rels AS r       MATCH (from:Session {id: r.from})       MATCH (to...
[FalkorDB query] total=6.49ms | cypher=       UNWIND $rels AS r       MATCH (from:Zone {id: r.from})       MATCH (to:Si...
[FalkorDB query] total=4.03ms | cypher=       UNWIND $rels AS r       MATCH (from:Site {id: r.from})       MATCH (to:Si...
[FalkorDB query] total=7.50ms | cypher=       UNWIND $rels AS r       MATCH (from:Road {id: r.from})       MATCH (to:Si...
[FalkorDB query] total=7.88ms | cypher=       UNWIND $rels AS r       MATCH (from:Incident {id: r.from})       MATCH (t...
[FalkorDB query] total=7.23ms | cypher=       UNWIND $rels AS r       MATCH (from:Hazard {id: r.from})       MATCH (to:...
[FalkorDB query] total=6.80ms | cypher=       UNWIND $rels AS r       MATCH (from:Zone {id: r.from})       MATCH (to:Co...
[FalkorDB query] total=7.19ms | cypher=       UNWIND $rels AS r       MATCH (from:Source {id: r.from})       MATCH (to:...
[FalkorDB query] total=7.86ms | cypher=       UNWIND $rels AS r       MATCH (from:Household {id: r.from})       MATCH (...
[FalkorDB query] total=8.18ms | cypher=       UNWIND $rels AS r       MATCH (from:Person {id: r.from})       MATCH (to:...
[FalkorDB query] total=10.20ms | cypher=       UNWIND $rels AS r       MATCH (from:Shelter {id: r.from})       MATCH (to...
[FalkorDB query] total=6.25ms | cypher=       UNWIND $rels AS r       MATCH (from:Household {id: r.from})       MATCH (...
[FalkorDB query] total=7.81ms | cypher=       UNWIND $rels AS r       MATCH (from:Zone {id: r.from})       MATCH (to:Sh...
[FalkorDB query] total=3.74ms | cypher=       UNWIND $rels AS r       MATCH (from:Shelter {id: r.from})       MATCH (to...
[FalkorDB query] total=9.99ms | cypher=       UNWIND $rels AS r       MATCH (from:Asset {id: r.from})       MATCH (to:S...
[FalkorDB query] total=7.12ms | cypher=       UNWIND $rels AS r       MATCH (from:Agency {id: r.from})       MATCH (to:...
[FalkorDB query] total=4.11ms | cypher=       UNWIND $rels AS r       MATCH (from:Agency {id: r.from})       MATCH (to:...
[FalkorDB query] total=5.87ms | cypher=       UNWIND $rels AS r       MATCH (from:Human {id: r.from})       MATCH (to:A...
[FalkorDB query] total=5.42ms | cypher=       UNWIND $rels AS r       MATCH (from:Agent {id: r.from})       MATCH (to:A...
[FalkorDB query] total=6.52ms | cypher=       UNWIND $rels AS r       MATCH (from:Agency {id: r.from})       MATCH (to:...
[FalkorDB query] total=7.37ms | cypher=       UNWIND $rels AS r       MATCH (from:Asset {id: r.from})       MATCH (to:N...
[FalkorDB query] total=6.00ms | cypher=       UNWIND $rels AS r       MATCH (from:Fact {id: r.from})       MATCH (to:Sh...
[FalkorDB query] total=7.09ms | cypher=       UNWIND $rels AS r       MATCH (from:Evidence {id: r.from})       MATCH (t...
[FalkorDB query] total=4.34ms | cypher=       UNWIND $rels AS r       MATCH (from:Fact {id: r.from})       MATCH (to:Ro...
[FalkorDB query] total=11.50ms | cypher=       UNWIND $rels AS r       MATCH (from:Evidence {id: r.from})       MATCH (t...
[FalkorDB query] total=4.03ms | cypher=       UNWIND $rels AS r       MATCH (from:FailedAttempt {id: r.from})       MAT...
[FalkorDB query] total=5.52ms | cypher=       UNWIND $rels AS r       MATCH (from:Fact {id: r.from})       MATCH (to:Ev...
[FalkorDB query] total=5.73ms | cypher=       UNWIND $rels AS r       MATCH (from:Decision {id: r.from})       MATCH (t...
[FalkorDB query] total=4.71ms | cypher=       UNWIND $rels AS r       MATCH (from:Evidence {id: r.from})       MATCH (t...
[FalkorDB query] total=5.81ms | cypher=       UNWIND $rels AS r       MATCH (from:OpenLoop {id: r.from})       MATCH (t...
[FalkorDB query] total=9.33ms | cypher=       UNWIND $rels AS r       MATCH (from:FailedAttempt {id: r.from})       MAT...
[FalkorDB query] total=5.86ms | cypher=       UNWIND $rels AS r       MATCH (from:Session {id: r.from})       MATCH (to...
[FalkorDB query] total=6.99ms | cypher=       UNWIND $rels AS r       MATCH (from:Agent {id: r.from})       MATCH (to:E...
[FalkorDB query] total=4.10ms | cypher=       UNWIND $rels AS r       MATCH (from:Episode {id: r.from})       MATCH (to...
[FalkorDB query] total=3.70ms | cypher=       UNWIND $rels AS r       MATCH (from:Episode {id: r.from})       MATCH (to...
[FalkorDB query] total=6.19ms | cypher=       UNWIND $rels AS r       MATCH (from:Episode {id: r.from})       MATCH (to...
[FalkorDB query] total=6.29ms | cypher=       UNWIND $rels AS r       MATCH (from:Decision {id: r.from})       MATCH (t...
[FalkorDB query] total=5.64ms | cypher=       UNWIND $rels AS r       MATCH (from:Decision {id: r.from})       MATCH (t...
[FalkorDB query] total=6.61ms | cypher=       UNWIND $rels AS r       MATCH (from:Decision {id: r.from})       MATCH (t...
[FalkorDB query] total=3.12ms | cypher=       UNWIND $rels AS r       MATCH (from:Agent {id: r.from})       MATCH (to:D...
[FalkorDB query] total=5.00ms | cypher=       UNWIND $rels AS r       MATCH (from:Decision {id: r.from})       MATCH (t...
[FalkorDB query] total=2.50ms | cypher=       UNWIND $rels AS r       MATCH (from:Episode {id: r.from})       MATCH (to...
[FalkorDB query] total=5.18ms | cypher=       UNWIND $rels AS r       MATCH (from:Watch {id: r.from})       MATCH (to:H...
[FalkorDB query] total=2.64ms | cypher=       UNWIND $rels AS r       MATCH (from:Handoff {id: r.from})       MATCH (to...
[FalkorDB query] total=5.99ms | cypher=       UNWIND $rels AS r       MATCH (from:Handoff {id: r.from})       MATCH (to...
[FalkorDB query] total=5.63ms | cypher=       UNWIND $rels AS r       MATCH (from:Handoff {id: r.from})       MATCH (to...
[FalkorDB query] total=3.04ms | cypher=       UNWIND $rels AS r       MATCH (from:Episode {id: r.from})       MATCH (to...
[FalkorDB query] total=5.64ms | cypher=MATCH (r:Road {id: 'road_west_connector'}) SET r.status = 'CLOSED', r.closed_at ...
[FalkorDB query] total=3.31ms | cypher=MATCH (:Site {id: 'site_west_neighborhoods'})-[rel:CONNECTED_BY {road_id: 'road_...
[FalkorDB query] total=6.12ms | cypher=MATCH (s:Shelter {id: 'shelter_riverside'}) SET s.occupied = 52, s.updated_at = ...
[FalkorDB query] total=3.46ms | cypher=MATCH (f:Fact {id: 'fact_road_west_1400'}) SET f.status = 'SUPERSEDED', f.valid_...
[FalkorDB query] total=5.36ms | cypher=MERGE (f:Fact {id: 'fact_road_west_1630'}) SET f += {subject_id: 'road_west_conn...
[FalkorDB query] total=3.83ms | cypher=MATCH (old:Fact {id: 'fact_road_west_1400'}), (new:Fact {id: 'fact_road_west_163...
[FalkorDB query] total=4.00ms | cypher=MATCH (new:Fact {id: 'fact_road_west_1630'}), (subj {id: 'road_west_connector'})...
[FalkorDB query] total=3.12ms | cypher=MERGE (ev:Evidence {id: 'ev_road_west_1630'}) SET ev += {quote: 'DOT: West Conne...
[FalkorDB query] total=4.98ms | cypher=MATCH (f:Fact {id: 'fact_road_west_1630'}), (ev:Evidence {id: 'ev_road_west_1630...
[FalkorDB query] total=5.40ms | cypher=MATCH (ev:Evidence {id: 'ev_road_west_1630'}), (src:Source {id: 'src_dot_1630'})...
[FalkorDB query] total=3.35ms | cypher=MATCH (ev:Evidence {id: 'ev_road_west_1630'}), (subj {id: 'road_west_connector'}...
[FalkorDB query] total=4.73ms | cypher=MATCH (f:Fact {id: 'fact_shelter_a_cots_1400'}) SET f.status = 'SUPERSEDED', f.v...
[FalkorDB query] total=6.35ms | cypher=MERGE (f:Fact {id: 'fact_shelter_a_cots_1630'}) SET f += {subject_id: 'shelter_r...
[FalkorDB query] total=7.83ms | cypher=MATCH (old:Fact {id: 'fact_shelter_a_cots_1400'}), (new:Fact {id: 'fact_shelter_...
[FalkorDB query] total=5.96ms | cypher=MATCH (new:Fact {id: 'fact_shelter_a_cots_1630'}), (subj {id: 'shelter_riverside...
[FalkorDB query] total=5.58ms | cypher=MERGE (ev:Evidence {id: 'ev_cots_1630'}) SET ev += {quote: 'Riverside High: gym ...
[FalkorDB query] total=3.94ms | cypher=MATCH (f:Fact {id: 'fact_shelter_a_cots_1630'}), (ev:Evidence {id: 'ev_cots_1630...
[FalkorDB query] total=4.93ms | cypher=MATCH (ev:Evidence {id: 'ev_cots_1630'}), (src:Source {id: 'src_shelter_radio_16...
[FalkorDB query] total=5.53ms | cypher=MATCH (ev:Evidence {id: 'ev_cots_1630'}), (subj {id: 'shelter_riverside'}) MERGE...
[FalkorDB query] total=2.81ms | cypher=MERGE (ep:Episode {id: 'ep_change_1630'}) SET ep += {kind: 'ROAD_CLOSURE', text:...
[FalkorDB query] total=3.75ms | cypher=MATCH (sess:Session {id: 'session_outgoing'}), (ep:Episode {id: 'ep_change_1630'...
[FalkorDB query] total=3.92ms | cypher=MATCH (ag:Agent {id: 'agent_ingestor'}), (ep:Episode {id: 'ep_change_1630'}) MER...
[FalkorDB query] total=6.39ms | cypher=MATCH (ep:Episode {id: 'ep_change_1630'}), (f:Fact {id: 'fact_road_west_1630'}) ...
[FalkorDB query] total=3.32ms | cypher=MATCH (ep:Episode {id: 'ep_change_1630'}), (f:Fact {id: 'fact_shelter_a_cots_163...
[FalkorDB query] total=6.56ms | cypher=MATCH (ep:Episode {id: 'ep_change_1630'}), (ev:Evidence {id: 'ev_road_west_1630'...
[FalkorDB query] total=5.67ms | cypher=MATCH (f:Fact) OPTIONAL MATCH (f)-[:ABOUT]->(subj) OPTIONAL MATCH (f)<-[:SUPERSE...
[FalkorDB query] total=5.85ms | cypher=MATCH (f:Fact) OPTIONAL MATCH (f)-[:ABOUT]->(subj) OPTIONAL MATCH (f)<-[:SUPERSE...
[FalkorDB roQuery] total=7.10ms | cypher=MATCH (newer:Fact)-[:SUPERSEDES]->(older:Fact) MATCH (newer)-[:ABOUT]->(subject)...
[FalkorDB roQuery] total=68.12ms | cypher=MATCH (h:Hazard {id: $hazard_id})-[:AFFECTS]->(z:Zone) MATCH (hh:Household)-[:LO...
[FalkorDB roQuery] total=9.27ms | cypher=MATCH (f:Fact)-[:ABOUT]->(subject) WHERE f.valid_from <= $reference_time   AND (...
[FalkorDB roQuery] total=8.19ms | cypher=MATCH (s:Site)-[r:CONNECTED_BY]->(t:Site) RETURN s.id as from, t.id as to, r...
  Γ£û keeps 14:00 capacity queryable after the 16:30 supersession (795.5634ms)
[FalkorDB query] total=18.49ms | cypher=MATCH (n) DETACH DELETE n...
[FalkorDB query] total=7.78ms | cypher=       UNWIND $nodes AS n       MERGE (node:Tenant {id: n.id})       SET node +=...
[FalkorDB query] total=12.45ms | cypher=       UNWIND $nodes AS n       MERGE (node:Incident {id: n.id})       SET node ...
[FalkorDB query] total=8.18ms | cypher=       UNWIND $nodes AS n       MERGE (node:Watch {id: n.id})       SET node += ...
[FalkorDB query] total=5.70ms | cypher=       UNWIND $nodes AS n       MERGE (node:Agent {id: n.id})       SET node += ...
[FalkorDB query] total=7.79ms | cypher=       UNWIND $nodes AS n       MERGE (node:Human {id: n.id})       SET node += ...
[FalkorDB query] total=14.72ms | cypher=       UNWIND $nodes AS n       MERGE (node:Session {id: n.id})       SET node +...
[FalkorDB query] total=12.75ms | cypher=       UNWIND $nodes AS n       MERGE (node:Zone {id: n.id})       SET node += n...
[FalkorDB query] total=5.59ms | cypher=       UNWIND $nodes AS n       MERGE (node:Site {id: n.id})       SET node += n...
[FalkorDB query] total=23.70ms | cypher=       UNWIND $nodes AS n       MERGE (node:Road {id: n.id})       SET node += n...
[FalkorDB query] total=15.62ms | cypher=       UNWIND $nodes AS n       MERGE (node:Hazard {id: n.id})       SET node +=...
[FalkorDB query] total=18.70ms | cypher=       UNWIND $nodes AS n       MERGE (node:Constraint {id: n.id})       SET nod...
[FalkorDB query] total=11.00ms | cypher=       UNWIND $nodes AS n       MERGE (node:Source {id: n.id})       SET node +=...
[FalkorDB query] total=10.13ms | cypher=       UNWIND $nodes AS n       MERGE (node:Household {id: n.id})       SET node...
[FalkorDB query] total=9.23ms | cypher=       UNWIND $nodes AS n       MERGE (node:Person {id: n.id})       SET node +=...
[FalkorDB query] total=8.88ms | cypher=       UNWIND $nodes AS n       MERGE (node:Need {id: n.id})       SET node += n...
[FalkorDB query] total=6.41ms | cypher=       UNWIND $nodes AS n       MERGE (node:Shelter {id: n.id})       SET node +...
[FalkorDB query] total=8.52ms | cypher=       UNWIND $nodes AS n       MERGE (node:Agency {id: n.id})       SET node +=...
[FalkorDB query] total=7.86ms | cypher=       UNWIND $nodes AS n       MERGE (node:Asset {id: n.id})       SET node += ...
[FalkorDB query] total=13.92ms | cypher=       UNWIND $nodes AS n       MERGE (node:Fact {id: n.id})       SET node += n...
[FalkorDB query] total=6.91ms | cypher=       UNWIND $nodes AS n       MERGE (node:Evidence {id: n.id})       SET node ...
[FalkorDB query] total=8.94ms | cypher=       UNWIND $nodes AS n       MERGE (node:OpenLoop {id: n.id})       SET node ...
[FalkorDB query] total=6.87ms | cypher=       UNWIND $nodes AS n       MERGE (node:FailedAttempt {id: n.id})       SET ...
[FalkorDB query] total=4.60ms | cypher=       UNWIND $nodes AS n       MERGE (node:Episode {id: n.id})       SET node +...
[FalkorDB query] total=15.20ms | cypher=       UNWIND $nodes AS n       MERGE (node:Decision {id: n.id})       SET node ...
[FalkorDB query] total=6.53ms | cypher=       UNWIND $nodes AS n       MERGE (node:Handoff {id: n.id})       SET node +...
[FalkorDB query] total=9.75ms | cypher=       UNWIND $rels AS r       MATCH (from:Tenant {id: r.from})       MATCH (to:...
[FalkorDB query] total=15.41ms | cypher=       UNWIND $rels AS r       MATCH (from:Incident {id: r.from})       MATCH (t...
[FalkorDB query] total=10.67ms | cypher=       UNWIND $rels AS r       MATCH (from:Agent {id: r.from})       MATCH (to:T...
[FalkorDB query] total=13.79ms | cypher=       UNWIND $rels AS r       MATCH (from:Human {id: r.from})       MATCH (to:T...
[FalkorDB query] total=9.80ms | cypher=       UNWIND $rels AS r       MATCH (from:Person {id: r.from})       MATCH (to:...
[FalkorDB query] total=13.82ms | cypher=       UNWIND $rels AS r       MATCH (from:Watch {id: r.from})       MATCH (to:S...
[FalkorDB query] total=6.92ms | cypher=       UNWIND $rels AS r       MATCH (from:Session {id: r.from})       MATCH (to...
[FalkorDB query] total=4.53ms | cypher=       UNWIND $rels AS r       MATCH (from:Zone {id: r.from})       MATCH (to:Si...
[FalkorDB query] total=8.49ms | cypher=       UNWIND $rels AS r       MATCH (from:Site {id: r.from})       MATCH (to:Si...
[FalkorDB query] total=8.13ms | cypher=       UNWIND $rels AS r       MATCH (from:Road {id: r.from})       MATCH (to:Si...
[FalkorDB query] total=3.00ms | cypher=       UNWIND $rels AS r       MATCH (from:Incident {id: r.from})       MATCH (t...
[FalkorDB query] total=5.29ms | cypher=       UNWIND $rels AS r       MATCH (from:Hazard {id: r.from})       MATCH (to:...
[FalkorDB query] total=6.15ms | cypher=       UNWIND $rels AS r       MATCH (from:Zone {id: r.from})       MATCH (to:Co...
[FalkorDB query] total=6.36ms | cypher=       UNWIND $rels AS r       MATCH (from:Source {id: r.from})       MATCH (to:...
[FalkorDB query] total=7.70ms | cypher=       UNWIND $rels AS r       MATCH (from:Household {id: r.from})       MATCH (...
[FalkorDB query] total=6.26ms | cypher=       UNWIND $rels AS r       MATCH (from:Person {id: r.from})       MATCH (to:...
[FalkorDB query] total=5.65ms | cypher=       UNWIND $rels AS r       MATCH (from:Shelter {id: r.from})       MATCH (to...
[FalkorDB query] total=6.85ms | cypher=       UNWIND $rels AS r       MATCH (from:Household {id: r.from})       MATCH (...
[FalkorDB query] total=5.67ms | cypher=       UNWIND $rels AS r       MATCH (from:Zone {id: r.from})       MATCH (to:Sh...
[FalkorDB query] total=7.62ms | cypher=       UNWIND $rels AS r       MATCH (from:Shelter {id: r.from})       MATCH (to...
[FalkorDB query] total=7.13ms | cypher=       UNWIND $rels AS r       MATCH (from:Asset {id: r.from})       MATCH (to:S...
[FalkorDB query] total=7.73ms | cypher=       UNWIND $rels AS r       MATCH (from:Agency {id: r.from})       MATCH (to:...
[FalkorDB query] total=4.54ms | cypher=       UNWIND $rels AS r       MATCH (from:Agency {id: r.from})       MATCH (to:...
[FalkorDB query] total=7.49ms | cypher=       UNWIND $rels AS r       MATCH (from:Human {id: r.from})       MATCH (to:A...
[FalkorDB query] total=5.54ms | cypher=       UNWIND $rels AS r       MATCH (from:Agent {id: r.from})       MATCH (to:A...
[FalkorDB query] total=6.00ms | cypher=       UNWIND $rels AS r       MATCH (from:Agency {id: r.from})       MATCH (to:...
[FalkorDB query] total=4.59ms | cypher=       UNWIND $rels AS r       MATCH (from:Asset {id: r.from})       MATCH (to:N...
[FalkorDB query] total=7.69ms | cypher=       UNWIND $rels AS r       MATCH (from:Fact {id: r.from})       MATCH (to:Sh...
[FalkorDB query] total=6.76ms | cypher=       UNWIND $rels AS r       MATCH (from:Evidence {id: r.from})       MATCH (t...
[FalkorDB query] total=6.38ms | cypher=       UNWIND $rels AS r       MATCH (from:Fact {id: r.from})       MATCH (to:Ro...
[FalkorDB query] total=7.03ms | cypher=       UNWIND $rels AS r       MATCH (from:Evidence {id: r.from})       MATCH (t...
[FalkorDB query] total=5.91ms | cypher=       UNWIND $rels AS r       MATCH (from:FailedAttempt {id: r.from})       MAT...
[FalkorDB query] total=5.31ms | cypher=       UNWIND $rels AS r       MATCH (from:Fact {id: r.from})       MATCH (to:Ev...
[FalkorDB query] total=6.28ms | cypher=       UNWIND $rels AS r       MATCH (from:Decision {id: r.from})       MATCH (t...
[FalkorDB query] total=6.56ms | cypher=       UNWIND $rels AS r       MATCH (from:Evidence {id: r.from})       MATCH (t...
[FalkorDB query] total=6.70ms | cypher=       UNWIND $rels AS r       MATCH (from:OpenLoop {id: r.from})       MATCH (t...
[FalkorDB query] total=63.48ms | cypher=       UNWIND $rels AS r       MATCH (from:FailedAttempt {id: r.from})       MAT...
[FalkorDB query] total=11.56ms | cypher=       UNWIND $rels AS r       MATCH (from:Session {id: r.from})       MATCH (to...
[FalkorDB query] total=7.87ms | cypher=       UNWIND $rels AS r       MATCH (from:Agent {id: r.from})       MATCH (to:E...
[FalkorDB query] total=13.12ms | cypher=       UNWIND $rels AS r       MATCH (from:Episode {id: r.from})       MATCH (to...
[FalkorDB query] total=15.91ms | cypher=       UNWIND $rels AS r       MATCH (from:Episode {id: r.from})       MATCH (to...
[FalkorDB query] total=8.97ms | cypher=       UNWIND $rels AS r       MATCH (from:Episode {id: r.from})       MATCH (to...
[FalkorDB query] total=12.45ms | cypher=       UNWIND $rels AS r       MATCH (from:Decision {id: r.from})       MATCH (t...
[FalkorDB query] total=32.46ms | cypher=       UNWIND $rels AS r       MATCH (from:Decision {id: r.from})       MATCH (t...
[FalkorDB query] total=10.78ms | cypher=       UNWIND $rels AS r       MATCH (from:Decision {id: r.from})       MATCH (t...
[FalkorDB query] total=9.46ms | cypher=       UNWIND $rels AS r       MATCH (from:Agent {id: r.from})       MATCH (to:D...
[FalkorDB query] total=6.89ms | cypher=       UNWIND $rels AS r       MATCH (from:Decision {id: r.from})       MATCH (t...
[FalkorDB query] total=5.76ms | cypher=       UNWIND $rels AS r       MATCH (from:Episode {id: r.from})       MATCH (to...
[FalkorDB query] total=5.88ms | cypher=       UNWIND $rels AS r       MATCH (from:Watch {id: r.from})       MATCH (to:H...
[FalkorDB query] total=8.67ms | cypher=       UNWIND $rels AS r       MATCH (from:Handoff {id: r.from})       MATCH (to...
[FalkorDB query] total=7.19ms | cypher=       UNWIND $rels AS r       MATCH (from:Handoff {id: r.from})       MATCH (to...
[FalkorDB query] total=8.50ms | cypher=       UNWIND $rels AS r       MATCH (from:Handoff {id: r.from})       MATCH (to...
[FalkorDB query] total=16.89ms | cypher=       UNWIND $rels AS r       MATCH (from:Episode {id: r.from})       MATCH (to...
[FalkorDB query] total=8.21ms | cypher=MATCH (r:Road {id: 'road_west_connector'}) SET r.status = 'CLOSED', r.closed_at ...
[FalkorDB query] total=6.30ms | cypher=MATCH (:Site {id: 'site_west_neighborhoods'})-[rel:CONNECTED_BY {road_id: 'road_...
[FalkorDB query] total=4.43ms | cypher=MATCH (s:Shelter {id: 'shelter_riverside'}) SET s.occupied = 52, s.updated_at = ...
[FalkorDB query] total=7.06ms | cypher=MATCH (f:Fact {id: 'fact_road_west_1400'}) SET f.status = 'SUPERSEDED', f.valid_...
[FalkorDB query] total=5.88ms | cypher=MERGE (f:Fact {id: 'fact_road_west_1630'}) SET f += {subject_id: 'road_west_conn...
[FalkorDB query] total=7.80ms | cypher=MATCH (old:Fact {id: 'fact_road_west_1400'}), (new:Fact {id: 'fact_road_west_163...
[FalkorDB query] total=8.41ms | cypher=MATCH (new:Fact {id: 'fact_road_west_1630'}), (subj {id: 'road_west_connector'})...
[FalkorDB query] total=9.89ms | cypher=MERGE (ev:Evidence {id: 'ev_road_west_1630'}) SET ev += {quote: 'DOT: West Conne...
[FalkorDB query] total=7.59ms | cypher=MATCH (f:Fact {id: 'fact_road_west_1630'}), (ev:Evidence {id: 'ev_road_west_1630...
[FalkorDB query] total=7.25ms | cypher=MATCH (ev:Evidence {id: 'ev_road_west_1630'}), (src:Source {id: 'src_dot_1630'})...
[FalkorDB query] total=9.29ms | cypher=MATCH (ev:Evidence {id: 'ev_road_west_1630'}), (subj {id: 'road_west_connector'}...
[FalkorDB query] total=5.83ms | cypher=MATCH (f:Fact {id: 'fact_shelter_a_cots_1400'}) SET f.status = 'SUPERSEDED', f.v...
[FalkorDB query] total=5.94ms | cypher=MERGE (f:Fact {id: 'fact_shelter_a_cots_1630'}) SET f += {subject_id: 'shelter_r...
[FalkorDB query] total=7.47ms | cypher=MATCH (old:Fact {id: 'fact_shelter_a_cots_1400'}), (new:Fact {id: 'fact_shelter_...
[FalkorDB query] total=9.79ms | cypher=MATCH (new:Fact {id: 'fact_shelter_a_cots_1630'}), (subj {id: 'shelter_riverside...
[FalkorDB query] total=7.31ms | cypher=MERGE (ev:Evidence {id: 'ev_cots_1630'}) SET ev += {quote: 'Riverside High: gym ...
[FalkorDB query] total=5.58ms | cypher=MATCH (f:Fact {id: 'fact_shelter_a_cots_1630'}), (ev:Evidence {id: 'ev_cots_1630...
[FalkorDB query] total=9.84ms | cypher=MATCH (ev:Evidence {id: 'ev_cots_1630'}), (src:Source {id: 'src_shelter_radio_16...
[FalkorDB query] total=2.76ms | cypher=MATCH (ev:Evidence {id: 'ev_cots_1630'}), (subj {id: 'shelter_riverside'}) MERGE...
[FalkorDB query] total=31.02ms | cypher=MERGE (ep:Episode {id: 'ep_change_1630'}) SET ep += {kind: 'ROAD_CLOSURE', text:...
[FalkorDB query] total=48.59ms | cypher=MATCH (sess:Session {id: 'session_outgoing'}), (ep:Episode {id: 'ep_change_1630'...
[FalkorDB query] total=35.43ms | cypher=MATCH (ag:Agent {id: 'agent_ingestor'}), (ep:Episode {id: 'ep_change_1630'}) MER...
[FalkorDB query] total=84.38ms | cypher=MATCH (ep:Episode {id: 'ep_change_1630'}), (f:Fact {id: 'fact_road_west_1630'}) ...
[FalkorDB query] total=88.58ms | cypher=MATCH (ep:Episode {id: 'ep_change_1630'}), (f:Fact {id: 'fact_shelter_a_cots_163...
[FalkorDB query] total=60.93ms | cypher=MATCH (ep:Episode {id: 'ep_change_1630'}), (ev:Evidence {id: 'ev_road_west_1630'...
[FalkorDB query] total=71.17ms | cypher=MATCH (a:Agency {id: 'agency_parks'}), (z:Zone {id: 'zone_civic'}) MERGE (a)-[r:...
[FalkorDB query] total=85.07ms | cypher=MERGE (ep:Episode {id: 'ep_authority_confirm'}) SET ep += {kind: 'AUTHORITY_CONF...
[FalkorDB query] total=55.18ms | cypher=MATCH (ag:Agent {id: 'agent_coordinator'}), (ep:Episode {id: 'ep_authority_confi...
[FalkorDB roQuery] total=1126.11ms | cypher=MATCH (h:Hazard {id: $hazard_id})-[:AFFECTS]->(z:Zone) MATCH (hh:Household)-[:LO...
[FalkorDB roQuery] total=74.65ms | cypher=MATCH (f:Fact)-[:ABOUT]->(subject) WHERE f.valid_from <= $reference_time   AND (...
[FalkorDB roQuery] total=63.34ms | cypher=MATCH (s:Site)-[r:CONNECTED_BY]->(t:Site) RETURN s.id as from, t.id as to, r...
[FalkorDB query] total=42.90ms | cypher=MATCH (n {id: $id}) RETURN n...
[FalkorDB query] total=17.95ms | cypher=MATCH ({id: $id})-[:AFFECTS]->(z) RETURN z...
[FalkorDB query] total=36.77ms | cypher=MATCH (n {id: $id}) RETURN n...
[FalkorDB query] total=71.56ms | cypher=MATCH (h:Household)-[:HAS_NEED]->(n:Need) RETURN h, n LIMIT 1...
[FalkorDB query] total=10.53ms | cypher=MATCH (n {id: $id}) RETURN n...
[FalkorDB query] total=45.02ms | cypher=MATCH (n {id: $id}) RETURN n...
[FalkorDB query] total=50.79ms | cypher=MATCH (n {id: $id}) RETURN n...
[FalkorDB query] total=14.97ms | cypher=MATCH (n {id: $id}) RETURN n...
[FalkorDB query] total=10.06ms | cypher=MATCH (n {id: $id}) RETURN n...
[FalkorDB query] total=14.58ms | cypher=MATCH (n {id: $id}) RETURN n...
[FalkorDB query] total=19.73ms | cypher=MATCH (n {id: $id}) RETURN n...
[FalkorDB query] total=54.81ms | cypher=MATCH (n {id: $id}) RETURN n...
[FalkorDB query] total=21.80ms | cypher=MATCH (n {id: $id}) RETURN n...
[FalkorDB query] total=14.78ms | cypher=MATCH (f:Fact)-[:ABOUT]->(about) WHERE f.status = 'VALID' AND about.id IN $ids R...
[FalkorDB query] total=27.93ms | cypher=MATCH (f:Fact {id: $factId})-[:SUPPORTED_BY]->(e:Evidence) OPTIONAL MATCH (e)-[:...
[FalkorDB query] total=23.74ms | cypher=MATCH (f:Fact {id: $factId})-[:SUPPORTED_BY]->(e:Evidence) OPTIONAL MATCH (e)-[:...
[FalkorDB query] total=10.16ms | cypher=MATCH (f:Fact {id: $factId})-[:SUPPORTED_BY]->(e:Evidence) OPTIONAL MATCH (e)-[:...
[FalkorDB query] total=18.34ms | cypher=MATCH (n {id: $id}) RETURN n.name as name...
  Γ£ö pivots to Civic Arena at 18:00 after the route closure (3292.6875ms)
[FalkorDB query] total=19.56ms | cypher=MATCH (n) DETACH DELETE n...
[FalkorDB query] total=16.19ms | cypher=       UNWIND $nodes AS n       MERGE (node:Tenant {id: n.id})       SET node +=...
[FalkorDB query] total=10.41ms | cypher=       UNWIND $nodes AS n       MERGE (node:Incident {id: n.id})       SET node ...
[FalkorDB query] total=4.53ms | cypher=       UNWIND $nodes AS n       MERGE (node:Watch {id: n.id})       SET node += ...
[FalkorDB query] total=14.66ms | cypher=       UNWIND $nodes AS n       MERGE (node:Agent {id: n.id})       SET node += ...
[FalkorDB query] total=22.22ms | cypher=       UNWIND $nodes AS n       MERGE (node:Human {id: n.id})       SET node += ...
[FalkorDB query] total=4.51ms | cypher=       UNWIND $nodes AS n       MERGE (node:Session {id: n.id})       SET node +...
[FalkorDB query] total=4.36ms | cypher=       UNWIND $nodes AS n       MERGE (node:Zone {id: n.id})       SET node += n...
[FalkorDB query] total=27.10ms | cypher=       UNWIND $nodes AS n       MERGE (node:Site {id: n.id})       SET node += n...
[FalkorDB query] total=17.36ms | cypher=       UNWIND $nodes AS n       MERGE (node:Road {id: n.id})       SET node += n...
[FalkorDB query] total=7.87ms | cypher=       UNWIND $nodes AS n       MERGE (node:Hazard {id: n.id})       SET node +=...
[FalkorDB query] total=11.04ms | cypher=       UNWIND $nodes AS n       MERGE (node:Constraint {id: n.id})       SET nod...
[FalkorDB query] total=10.09ms | cypher=       UNWIND $nodes AS n       MERGE (node:Source {id: n.id})       SET node +=...
[FalkorDB query] total=9.02ms | cypher=       UNWIND $nodes AS n       MERGE (node:Household {id: n.id})       SET node...
[FalkorDB query] total=9.24ms | cypher=       UNWIND $nodes AS n       MERGE (node:Person {id: n.id})       SET node +=...
[FalkorDB query] total=4.98ms | cypher=       UNWIND $nodes AS n       MERGE (node:Need {id: n.id})       SET node += n...
[FalkorDB query] total=6.95ms | cypher=       UNWIND $nodes AS n       MERGE (node:Shelter {id: n.id})       SET node +...
[FalkorDB query] total=15.85ms | cypher=       UNWIND $nodes AS n       MERGE (node:Agency {id: n.id})       SET node +=...
[FalkorDB query] total=17.28ms | cypher=       UNWIND $nodes AS n       MERGE (node:Asset {id: n.id})       SET node += ...
[FalkorDB query] total=17.52ms | cypher=       UNWIND $nodes AS n       MERGE (node:Fact {id: n.id})       SET node += n...
[FalkorDB query] total=17.37ms | cypher=       UNWIND $nodes AS n       MERGE (node:Evidence {id: n.id})       SET node ...
[FalkorDB query] total=7.46ms | cypher=       UNWIND $nodes AS n       MERGE (node:OpenLoop {id: n.id})       SET node ...
[FalkorDB query] total=15.34ms | cypher=       UNWIND $nodes AS n       MERGE (node:FailedAttempt {id: n.id})       SET ...
[FalkorDB query] total=12.22ms | cypher=       UNWIND $nodes AS n       MERGE (node:Episode {id: n.id})       SET node +...
[FalkorDB query] total=8.44ms | cypher=       UNWIND $nodes AS n       MERGE (node:Decision {id: n.id})       SET node ...
[FalkorDB query] total=5.00ms | cypher=       UNWIND $nodes AS n       MERGE (node:Handoff {id: n.id})       SET node +...
[FalkorDB query] total=13.85ms | cypher=       UNWIND $rels AS r       MATCH (from:Tenant {id: r.from})       MATCH (to:...
[FalkorDB query] total=8.50ms | cypher=       UNWIND $rels AS r       MATCH (from:Incident {id: r.from})       MATCH (t...
[FalkorDB query] total=6.22ms | cypher=       UNWIND $rels AS r       MATCH (from:Agent {id: r.from})       MATCH (to:T...
[FalkorDB query] total=8.40ms | cypher=       UNWIND $rels AS r       MATCH (from:Human {id: r.from})       MATCH (to:T...
[FalkorDB query] total=12.04ms | cypher=       UNWIND $rels AS r       MATCH (from:Person {id: r.from})       MATCH (to:...
[FalkorDB query] total=7.73ms | cypher=       UNWIND $rels AS r       MATCH (from:Watch {id: r.from})       MATCH (to:S...
[FalkorDB query] total=9.78ms | cypher=       UNWIND $rels AS r       MATCH (from:Session {id: r.from})       MATCH (to...
[FalkorDB query] total=12.97ms | cypher=       UNWIND $rels AS r       MATCH (from:Zone {id: r.from})       MATCH (to:Si...
[FalkorDB query] total=13.76ms | cypher=       UNWIND $rels AS r       MATCH (from:Site {id: r.from})       MATCH (to:Si...
[FalkorDB query] total=10.58ms | cypher=       UNWIND $rels AS r       MATCH (from:Road {id: r.from})       MATCH (to:Si...
[FalkorDB query] total=6.75ms | cypher=       UNWIND $rels AS r       MATCH (from:Incident {id: r.from})       MATCH (t...
[FalkorDB query] total=12.74ms | cypher=       UNWIND $rels AS r       MATCH (from:Hazard {id: r.from})       MATCH (to:...
[FalkorDB query] total=14.51ms | cypher=       UNWIND $rels AS r       MATCH (from:Zone {id: r.from})       MATCH (to:Co...
[FalkorDB query] total=16.18ms | cypher=       UNWIND $rels AS r       MATCH (from:Source {id: r.from})       MATCH (to:...
[FalkorDB query] total=18.05ms | cypher=       UNWIND $rels AS r       MATCH (from:Household {id: r.from})       MATCH (...
[FalkorDB query] total=6.42ms | cypher=       UNWIND $rels AS r       MATCH (from:Person {id: r.from})       MATCH (to:...
[FalkorDB query] total=3.85ms | cypher=       UNWIND $rels AS r       MATCH (from:Shelter {id: r.from})       MATCH (to...
[FalkorDB query] total=7.47ms | cypher=       UNWIND $rels AS r       MATCH (from:Household {id: r.from})       MATCH (...
[FalkorDB query] total=3.77ms | cypher=       UNWIND $rels AS r       MATCH (from:Zone {id: r.from})       MATCH (to:Sh...
[FalkorDB query] total=9.87ms | cypher=       UNWIND $rels AS r       MATCH (from:Shelter {id: r.from})       MATCH (to...
[FalkorDB query] total=4.66ms | cypher=       UNWIND $rels AS r       MATCH (from:Asset {id: r.from})       MATCH (to:S...
[FalkorDB query] total=5.79ms | cypher=       UNWIND $rels AS r       MATCH (from:Agency {id: r.from})       MATCH (to:...
[FalkorDB query] total=9.25ms | cypher=       UNWIND $rels AS r       MATCH (from:Agency {id: r.from})       MATCH (to:...
[FalkorDB query] total=5.89ms | cypher=       UNWIND $rels AS r       MATCH (from:Human {id: r.from})       MATCH (to:A...
[FalkorDB query] total=6.19ms | cypher=       UNWIND $rels AS r       MATCH (from:Agent {id: r.from})       MATCH (to:A...
[FalkorDB query] total=4.27ms | cypher=       UNWIND $rels AS r       MATCH (from:Agency {id: r.from})       MATCH (to:...
[FalkorDB query] total=6.91ms | cypher=       UNWIND $rels AS r       MATCH (from:Asset {id: r.from})       MATCH (to:N...
[FalkorDB query] total=3.23ms | cypher=       UNWIND $rels AS r       MATCH (from:Fact {id: r.from})       MATCH (to:Sh...
[FalkorDB query] total=7.10ms | cypher=       UNWIND $rels AS r       MATCH (from:Evidence {id: r.from})       MATCH (t...
[FalkorDB query] total=3.69ms | cypher=       UNWIND $rels AS r       MATCH (from:Fact {id: r.from})       MATCH (to:Ro...
[FalkorDB query] total=6.07ms | cypher=       UNWIND $rels AS r       MATCH (from:Evidence {id: r.from})       MATCH (t...
[FalkorDB query] total=6.17ms | cypher=       UNWIND $rels AS r       MATCH (from:FailedAttempt {id: r.from})       MAT...
[FalkorDB query] total=3.90ms | cypher=       UNWIND $rels AS r       MATCH (from:Fact {id: r.from})       MATCH (to:Ev...
[FalkorDB query] total=4.04ms | cypher=       UNWIND $rels AS r       MATCH (from:Decision {id: r.from})       MATCH (t...
[FalkorDB query] total=8.21ms | cypher=       UNWIND $rels AS r       MATCH (from:Evidence {id: r.from})       MATCH (t...
[FalkorDB query] total=7.72ms | cypher=       UNWIND $rels AS r       MATCH (from:OpenLoop {id: r.from})       MATCH (t...
[FalkorDB query] total=3.88ms | cypher=       UNWIND $rels AS r       MATCH (from:FailedAttempt {id: r.from})       MAT...
[FalkorDB query] total=3.27ms | cypher=       UNWIND $rels AS r       MATCH (from:Session {id: r.from})       MATCH (to...
[FalkorDB query] total=3.54ms | cypher=       UNWIND $rels AS r       MATCH (from:Agent {id: r.from})       MATCH (to:E...
[FalkorDB query] total=13.61ms | cypher=       UNWIND $rels AS r       MATCH (from:Episode {id: r.from})       MATCH (to...
[FalkorDB query] total=3.08ms | cypher=       UNWIND $rels AS r       MATCH (from:Episode {id: r.from})       MATCH (to...
[FalkorDB query] total=5.30ms | cypher=       UNWIND $rels AS r       MATCH (from:Episode {id: r.from})       MATCH (to...
[FalkorDB query] total=4.31ms | cypher=       UNWIND $rels AS r       MATCH (from:Decision {id: r.from})       MATCH (t...
[FalkorDB query] total=4.63ms | cypher=       UNWIND $rels AS r       MATCH (from:Decision {id: r.from})       MATCH (t...
[FalkorDB query] total=3.53ms | cypher=       UNWIND $rels AS r       MATCH (from:Decision {id: r.from})       MATCH (t...
[FalkorDB query] total=3.30ms | cypher=       UNWIND $rels AS r       MATCH (from:Agent {id: r.from})       MATCH (to:D...
[FalkorDB query] total=6.96ms | cypher=       UNWIND $rels AS r       MATCH (from:Decision {id: r.from})       MATCH (t...
[FalkorDB query] total=4.15ms | cypher=       UNWIND $rels AS r       MATCH (from:Episode {id: r.from})       MATCH (to...
[FalkorDB query] total=6.31ms | cypher=       UNWIND $rels AS r       MATCH (from:Watch {id: r.from})       MATCH (to:H...
[FalkorDB query] total=3.40ms | cypher=       UNWIND $rels AS r       MATCH (from:Handoff {id: r.from})       MATCH (to...
[FalkorDB query] total=6.35ms | cypher=       UNWIND $rels AS r       MATCH (from:Handoff {id: r.from})       MATCH (to...
[FalkorDB query] total=7.08ms | cypher=       UNWIND $rels AS r       MATCH (from:Handoff {id: r.from})       MATCH (to...
[FalkorDB query] total=3.73ms | cypher=       UNWIND $rels AS r       MATCH (from:Episode {id: r.from})       MATCH (to...
[FalkorDB query] total=11.04ms | cypher=MATCH (r:Road {id: 'road_west_connector'}) SET r.status = 'CLOSED', r.closed_at ...
[FalkorDB query] total=4.44ms | cypher=MATCH (:Site {id: 'site_west_neighborhoods'})-[rel:CONNECTED_BY {road_id: 'road_...
[FalkorDB query] total=6.16ms | cypher=MATCH (s:Shelter {id: 'shelter_riverside'}) SET s.occupied = 52, s.updated_at = ...
[FalkorDB query] total=3.63ms | cypher=MATCH (f:Fact {id: 'fact_road_west_1400'}) SET f.status = 'SUPERSEDED', f.valid_...
[FalkorDB query] total=6.15ms | cypher=MERGE (f:Fact {id: 'fact_road_west_1630'}) SET f += {subject_id: 'road_west_conn...
[FalkorDB query] total=3.50ms | cypher=MATCH (old:Fact {id: 'fact_road_west_1400'}), (new:Fact {id: 'fact_road_west_163...
[FalkorDB query] total=7.01ms | cypher=MATCH (new:Fact {id: 'fact_road_west_1630'}), (subj {id: 'road_west_connector'})...
[FalkorDB query] total=9.35ms | cypher=MERGE (ev:Evidence {id: 'ev_road_west_1630'}) SET ev += {quote: 'DOT: West Conne...
[FalkorDB query] total=10.09ms | cypher=MATCH (f:Fact {id: 'fact_road_west_1630'}), (ev:Evidence {id: 'ev_road_west_1630...
[FalkorDB query] total=7.12ms | cypher=MATCH (ev:Evidence {id: 'ev_road_west_1630'}), (src:Source {id: 'src_dot_1630'})...
[FalkorDB query] total=8.92ms | cypher=MATCH (ev:Evidence {id: 'ev_road_west_1630'}), (subj {id: 'road_west_connector'}...
[FalkorDB query] total=12.40ms | cypher=MATCH (f:Fact {id: 'fact_shelter_a_cots_1400'}) SET f.status = 'SUPERSEDED', f.v...
[FalkorDB query] total=11.98ms | cypher=MERGE (f:Fact {id: 'fact_shelter_a_cots_1630'}) SET f += {subject_id: 'shelter_r...
[FalkorDB query] total=4.12ms | cypher=MATCH (old:Fact {id: 'fact_shelter_a_cots_1400'}), (new:Fact {id: 'fact_shelter_...
[FalkorDB query] total=18.66ms | cypher=MATCH (new:Fact {id: 'fact_shelter_a_cots_1630'}), (subj {id: 'shelter_riverside...
[FalkorDB query] total=7.46ms | cypher=MERGE (ev:Evidence {id: 'ev_cots_1630'}) SET ev += {quote: 'Riverside High: gym ...
[FalkorDB query] total=14.91ms | cypher=MATCH (f:Fact {id: 'fact_shelter_a_cots_1630'}), (ev:Evidence {id: 'ev_cots_1630...
[FalkorDB query] total=14.10ms | cypher=MATCH (ev:Evidence {id: 'ev_cots_1630'}), (src:Source {id: 'src_shelter_radio_16...
[FalkorDB query] total=13.59ms | cypher=MATCH (ev:Evidence {id: 'ev_cots_1630'}), (subj {id: 'shelter_riverside'}) MERGE...
[FalkorDB query] total=30.41ms | cypher=MERGE (ep:Episode {id: 'ep_change_1630'}) SET ep += {kind: 'ROAD_CLOSURE', text:...
[FalkorDB query] total=20.98ms | cypher=MATCH (sess:Session {id: 'session_outgoing'}), (ep:Episode {id: 'ep_change_1630'...
[FalkorDB query] total=8.14ms | cypher=MATCH (ag:Agent {id: 'agent_ingestor'}), (ep:Episode {id: 'ep_change_1630'}) MER...
[FalkorDB query] total=8.66ms | cypher=MATCH (ep:Episode {id: 'ep_change_1630'}), (f:Fact {id: 'fact_road_west_1630'}) ...
[FalkorDB query] total=10.50ms | cypher=MATCH (ep:Episode {id: 'ep_change_1630'}), (f:Fact {id: 'fact_shelter_a_cots_163...
[FalkorDB query] total=32.41ms | cypher=MATCH (ep:Episode {id: 'ep_change_1630'}), (ev:Evidence {id: 'ev_road_west_1630'...
[FalkorDB roQuery] total=127.08ms | cypher=MATCH (h:Hazard {id: $hazard_id})-[:AFFECTS]->(z:Zone) MATCH (hh:Household)-[:LO...
[FalkorDB roQuery] total=16.41ms | cypher=MATCH (f:Fact)-[:ABOUT]->(subject) WHERE f.valid_from <= $reference_time   AND (...
[FalkorDB roQuery] total=13.57ms | cypher=MATCH (s:Site)-[r:CONNECTED_BY]->(t:Site) RETURN s.id as from, t.id as to, r...
[FalkorDB query] total=17.36ms | cypher=MATCH (n {id: $id}) RETURN n...
[FalkorDB query] total=9.13ms | cypher=MATCH ({id: $id})-[:AFFECTS]->(z) RETURN z...
[FalkorDB query] total=12.00ms | cypher=MATCH (n {id: $id}) RETURN n...
[FalkorDB query] total=10.11ms | cypher=MATCH (h:Household)-[:HAS_NEED]->(n:Need) RETURN h, n LIMIT 1...
[FalkorDB query] total=8.20ms | cypher=MATCH (n {id: $id}) RETURN n...
[FalkorDB query] total=6.65ms | cypher=MATCH (n {id: $id}) RETURN n...
[FalkorDB query] total=30.81ms | cypher=MATCH (n {id: $id}) RETURN n...
[FalkorDB query] total=16.12ms | cypher=MATCH (n {id: $id}) RETURN n...
[FalkorDB query] total=36.77ms | cypher=MATCH (n {id: $id}) RETURN n...
[FalkorDB query] total=4.29ms | cypher=MATCH (n {id: $id}) RETURN n...
[FalkorDB query] total=7.97ms | cypher=MATCH (n {id: $id}) RETURN n...
[FalkorDB query] total=8.89ms | cypher=MATCH (n {id: $id}) RETURN n...
[FalkorDB query] total=12.49ms | cypher=MATCH (f:Fact)-[:ABOUT]->(about) WHERE f.status = 'VALID' AND about.id IN $ids R...
[FalkorDB query] total=15.01ms | cypher=MATCH (f:Fact {id: $factId})-[:SUPPORTED_BY]->(e:Evidence) OPTIONAL MATCH (e)-[:...
[FalkorDB query] total=8.17ms | cypher=MATCH (f:Fact {id: $factId})-[:SUPPORTED_BY]->(e:Evidence) OPTIONAL MATCH (e)-[:...
[FalkorDB query] total=12.36ms | cypher=MATCH (f:Fact {id: $factId})-[:SUPPORTED_BY]->(e:Evidence) OPTIONAL MATCH (e)-[:...
[FalkorDB query] total=6.01ms | cypher=MATCH (n {id: $id}) RETURN n.name as name...
[FalkorDB query] total=11.63ms | cypher=       UNWIND $nodes AS n       MERGE (node:Tenant {id: n.id})       SET node +=...
[FalkorDB query] total=8.26ms | cypher=       UNWIND $nodes AS n       MERGE (node:Incident {id: n.id})       SET node ...
[FalkorDB query] total=11.10ms | cypher=       UNWIND $nodes AS n       MERGE (node:Watch {id: n.id})       SET node += ...
[FalkorDB query] total=5.25ms | cypher=       UNWIND $nodes AS n       MERGE (node:Agent {id: n.id})       SET node += ...
[FalkorDB query] total=9.27ms | cypher=       UNWIND $nodes AS n       MERGE (node:Human {id: n.id})       SET node += ...
[FalkorDB query] total=8.37ms | cypher=       UNWIND $nodes AS n       MERGE (node:Session {id: n.id})       SET node +...
[FalkorDB query] total=3.25ms | cypher=       UNWIND $nodes AS n       MERGE (node:Zone {id: n.id})       SET node += n...
[FalkorDB query] total=9.43ms | cypher=       UNWIND $nodes AS n       MERGE (node:Site {id: n.id})       SET node += n...
[FalkorDB query] total=10.97ms | cypher=       UNWIND $nodes AS n       MERGE (node:Road {id: n.id})       SET node += n...
[FalkorDB query] total=4.55ms | cypher=       UNWIND $nodes AS n       MERGE (node:Hazard {id: n.id})       SET node +=...
[FalkorDB query] total=6.55ms | cypher=       UNWIND $nodes AS n       MERGE (node:Constraint {id: n.id})       SET nod...
[FalkorDB query] total=6.54ms | cypher=       UNWIND $nodes AS n       MERGE (node:Source {id: n.id})       SET node +=...
[FalkorDB query] total=8.61ms | cypher=       UNWIND $nodes AS n       MERGE (node:Household {id: n.id})       SET node...
[FalkorDB query] total=9.17ms | cypher=       UNWIND $nodes AS n       MERGE (node:Person {id: n.id})       SET node +=...
[FalkorDB query] total=5.12ms | cypher=       UNWIND $nodes AS n       MERGE (node:Need {id: n.id})       SET node += n...
[FalkorDB query] total=6.86ms | cypher=       UNWIND $nodes AS n       MERGE (node:Shelter {id: n.id})       SET node +...
[FalkorDB query] total=6.45ms | cypher=       UNWIND $nodes AS n       MERGE (node:Agency {id: n.id})       SET node +=...
[FalkorDB query] total=5.84ms | cypher=       UNWIND $nodes AS n       MERGE (node:Asset {id: n.id})       SET node += ...
[FalkorDB query] total=6.81ms | cypher=       UNWIND $nodes AS n       MERGE (node:Fact {id: n.id})       SET node += n...
[FalkorDB query] total=9.25ms | cypher=       UNWIND $nodes AS n       MERGE (node:Evidence {id: n.id})       SET node ...
[FalkorDB query] total=4.11ms | cypher=       UNWIND $nodes AS n       MERGE (node:OpenLoop {id: n.id})       SET node ...
[FalkorDB query] total=7.01ms | cypher=       UNWIND $nodes AS n       MERGE (node:FailedAttempt {id: n.id})       SET ...
[FalkorDB query] total=5.43ms | cypher=       UNWIND $nodes AS n       MERGE (node:Episode {id: n.id})       SET node +...
[FalkorDB query] total=8.38ms | cypher=       UNWIND $nodes AS n       MERGE (node:Decision {id: n.id})       SET node ...
[FalkorDB query] total=3.12ms | cypher=       UNWIND $nodes AS n       MERGE (node:Handoff {id: n.id})       SET node +...
[FalkorDB query] total=6.80ms | cypher=       UNWIND $rels AS r       MATCH (from:Tenant {id: r.from})       MATCH (to:...
[FalkorDB query] total=4.23ms | cypher=       UNWIND $rels AS r       MATCH (from:Incident {id: r.from})       MATCH (t...
[FalkorDB query] total=8.25ms | cypher=       UNWIND $rels AS r       MATCH (from:Agent {id: r.from})       MATCH (to:T...
[FalkorDB query] total=5.26ms | cypher=       UNWIND $rels AS r       MATCH (from:Human {id: r.from})       MATCH (to:T...
[FalkorDB query] total=3.90ms | cypher=       UNWIND $rels AS r       MATCH (from:Person {id: r.from})       MATCH (to:...
[FalkorDB query] total=12.74ms | cypher=       UNWIND $rels AS r       MATCH (from:Watch {id: r.from})       MATCH (to:S...
[FalkorDB query] total=7.71ms | cypher=       UNWIND $rels AS r       MATCH (from:Session {id: r.from})       MATCH (to...
[FalkorDB query] total=7.72ms | cypher=       UNWIND $rels AS r       MATCH (from:Zone {id: r.from})       MATCH (to:Si...
[FalkorDB query] total=7.30ms | cypher=       UNWIND $rels AS r       MATCH (from:Site {id: r.from})       MATCH (to:Si...
[FalkorDB query] total=26.29ms | cypher=       UNWIND $rels AS r       MATCH (from:Road {id: r.from})       MATCH (to:Si...
[FalkorDB query] total=22.11ms | cypher=       UNWIND $rels AS r       MATCH (from:Incident {id: r.from})       MATCH (t...
[FalkorDB query] total=11.87ms | cypher=       UNWIND $rels AS r       MATCH (from:Hazard {id: r.from})       MATCH (to:...
[FalkorDB query] total=8.77ms | cypher=       UNWIND $rels AS r       MATCH (from:Zone {id: r.from})       MATCH (to:Co...
[FalkorDB query] total=5.77ms | cypher=       UNWIND $rels AS r       MATCH (from:Source {id: r.from})       MATCH (to:...
[FalkorDB query] total=7.37ms | cypher=       UNWIND $rels AS r       MATCH (from:Household {id: r.from})       MATCH (...
[FalkorDB query] total=24.41ms | cypher=       UNWIND $rels AS r       MATCH (from:Person {id: r.from})       MATCH (to:...
[FalkorDB query] total=17.07ms | cypher=       UNWIND $rels AS r       MATCH (from:Shelter {id: r.from})       MATCH (to...
[FalkorDB query] total=7.90ms | cypher=       UNWIND $rels AS r       MATCH (from:Household {id: r.from})       MATCH (...
[FalkorDB query] total=5.16ms | cypher=       UNWIND $rels AS r       MATCH (from:Zone {id: r.from})       MATCH (to:Sh...
[FalkorDB query] total=12.32ms | cypher=       UNWIND $rels AS r       MATCH (from:Shelter {id: r.from})       MATCH (to...
[FalkorDB query] total=35.91ms | cypher=       UNWIND $rels AS r       MATCH (from:Asset {id: r.from})       MATCH (to:S...
[FalkorDB query] total=19.94ms | cypher=       UNWIND $rels AS r       MATCH (from:Agency {id: r.from})       MATCH (to:...
[FalkorDB query] total=28.30ms | cypher=       UNWIND $rels AS r       MATCH (from:Agency {id: r.from})       MATCH (to:...
[FalkorDB query] total=15.53ms | cypher=       UNWIND $rels AS r       MATCH (from:Human {id: r.from})       MATCH (to:A...
[FalkorDB query] total=16.91ms | cypher=       UNWIND $rels AS r       MATCH (from:Agent {id: r.from})       MATCH (to:A...
[FalkorDB query] total=9.29ms | cypher=       UNWIND $rels AS r       MATCH (from:Agency {id: r.from})       MATCH (to:...
[FalkorDB query] total=38.67ms | cypher=       UNWIND $rels AS r       MATCH (from:Asset {id: r.from})       MATCH (to:N...
[FalkorDB query] total=14.70ms | cypher=       UNWIND $rels AS r       MATCH (from:Fact {id: r.from})       MATCH (to:Sh...
[FalkorDB query] total=8.28ms | cypher=       UNWIND $rels AS r       MATCH (from:Evidence {id: r.from})       MATCH (t...
[FalkorDB query] total=11.07ms | cypher=       UNWIND $rels AS r       MATCH (from:Fact {id: r.from})       MATCH (to:Ro...
[FalkorDB query] total=11.40ms | cypher=       UNWIND $rels AS r       MATCH (from:Evidence {id: r.from})       MATCH (t...
[FalkorDB query] total=12.43ms | cypher=       UNWIND $rels AS r       MATCH (from:FailedAttempt {id: r.from})       MAT...
[FalkorDB query] total=5.04ms | cypher=       UNWIND $rels AS r       MATCH (from:Fact {id: r.from})       MATCH (to:Ev...
[FalkorDB query] total=3.95ms | cypher=       UNWIND $rels AS r       MATCH (from:Decision {id: r.from})       MATCH (t...
[FalkorDB query] total=6.95ms | cypher=       UNWIND $rels AS r       MATCH (from:Evidence {id: r.from})       MATCH (t...
[FalkorDB query] total=4.83ms | cypher=       UNWIND $rels AS r       MATCH (from:OpenLoop {id: r.from})       MATCH (t...
[FalkorDB query] total=14.00ms | cypher=       UNWIND $rels AS r       MATCH (from:FailedAttempt {id: r.from})       MAT...
[FalkorDB query] total=6.05ms | cypher=       UNWIND $rels AS r       MATCH (from:Session {id: r.from})       MATCH (to...
[FalkorDB query] total=11.38ms | cypher=       UNWIND $rels AS r       MATCH (from:Agent {id: r.from})       MATCH (to:E...
[FalkorDB query] total=5.00ms | cypher=       UNWIND $rels AS r       MATCH (from:Episode {id: r.from})       MATCH (to...
[FalkorDB query] total=3.30ms | cypher=       UNWIND $rels AS r       MATCH (from:Episode {id: r.from})       MATCH (to...
[FalkorDB query] total=6.33ms | cypher=       UNWIND $rels AS r       MATCH (from:Episode {id: r.from})       MATCH (to...
[FalkorDB query] total=3.26ms | cypher=       UNWIND $rels AS r       MATCH (from:Decision {id: r.from})       MATCH (t...
[FalkorDB query] total=7.90ms | cypher=       UNWIND $rels AS r       MATCH (from:Decision {id: r.from})       MATCH (t...
[FalkorDB query] total=5.67ms | cypher=       UNWIND $rels AS r       MATCH (from:Decision {id: r.from})       MATCH (t...
[FalkorDB query] total=3.29ms | cypher=       UNWIND $rels AS r       MATCH (from:Agent {id: r.from})       MATCH (to:D...
[FalkorDB query] total=6.51ms | cypher=       UNWIND $rels AS r       MATCH (from:Decision {id: r.from})       MATCH (t...
[FalkorDB query] total=15.46ms | cypher=       UNWIND $rels AS r       MATCH (from:Episode {id: r.from})       MATCH (to...
[FalkorDB query] total=13.93ms | cypher=       UNWIND $rels AS r       MATCH (from:Watch {id: r.from})       MATCH (to:H...
[FalkorDB query] total=9.93ms | cypher=       UNWIND $rels AS r       MATCH (from:Handoff {id: r.from})       MATCH (to...
[FalkorDB query] total=25.35ms | cypher=       UNWIND $rels AS r       MATCH (from:Handoff {id: r.from})       MATCH (to...
[FalkorDB query] total=12.64ms | cypher=       UNWIND $rels AS r       MATCH (from:Handoff {id: r.from})       MATCH (to...
[FalkorDB query] total=7.36ms | cypher=       UNWIND $rels AS r       MATCH (from:Episode {id: r.from})       MATCH (to...
[FalkorDB query] total=5.47ms | cypher=MATCH (r:Road {id: 'road_west_connector'}) SET r.status = 'CLOSED', r.closed_at ...
[FalkorDB query] total=7.63ms | cypher=MATCH (:Site {id: 'site_west_neighborhoods'})-[rel:CONNECTED_BY {road_id: 'road_...
[FalkorDB query] total=7.66ms | cypher=MATCH (s:Shelter {id: 'shelter_riverside'}) SET s.occupied = 52, s.updated_at = ...
[FalkorDB query] total=4.85ms | cypher=MATCH (f:Fact {id: 'fact_road_west_1400'}) SET f.status = 'SUPERSEDED', f.valid_...
[FalkorDB query] total=3.29ms | cypher=MERGE (f:Fact {id: 'fact_road_west_1630'}) SET f += {subject_id: 'road_west_conn...
[FalkorDB query] total=5.60ms | cypher=MATCH (old:Fact {id: 'fact_road_west_1400'}), (new:Fact {id: 'fact_road_west_163...
[FalkorDB query] total=9.67ms | cypher=MATCH (new:Fact {id: 'fact_road_west_1630'}), (subj {id: 'road_west_connector'})...
[FalkorDB query] total=4.39ms | cypher=MERGE (ev:Evidence {id: 'ev_road_west_1630'}) SET ev += {quote: 'DOT: West Conne...
[FalkorDB query] total=3.57ms | cypher=MATCH (f:Fact {id: 'fact_road_west_1630'}), (ev:Evidence {id: 'ev_road_west_1630...
[FalkorDB query] total=4.22ms | cypher=MATCH (ev:Evidence {id: 'ev_road_west_1630'}), (src:Source {id: 'src_dot_1630'})...
[FalkorDB query] total=4.28ms | cypher=MATCH (ev:Evidence {id: 'ev_road_west_1630'}), (subj {id: 'road_west_connector'}...
[FalkorDB query] total=10.39ms | cypher=MATCH (f:Fact {id: 'fact_shelter_a_cots_1400'}) SET f.status = 'SUPERSEDED', f.v...
[FalkorDB query] total=8.47ms | cypher=MERGE (f:Fact {id: 'fact_shelter_a_cots_1630'}) SET f += {subject_id: 'shelter_r...
[FalkorDB query] total=5.98ms | cypher=MATCH (old:Fact {id: 'fact_shelter_a_cots_1400'}), (new:Fact {id: 'fact_shelter_...
[FalkorDB query] total=9.84ms | cypher=MATCH (new:Fact {id: 'fact_shelter_a_cots_1630'}), (subj {id: 'shelter_riverside...
[FalkorDB query] total=8.21ms | cypher=MERGE (ev:Evidence {id: 'ev_cots_1630'}) SET ev += {quote: 'Riverside High: gym ...
[FalkorDB query] total=8.55ms | cypher=MATCH (f:Fact {id: 'fact_shelter_a_cots_1630'}), (ev:Evidence {id: 'ev_cots_1630...
[FalkorDB query] total=4.81ms | cypher=MATCH (ev:Evidence {id: 'ev_cots_1630'}), (src:Source {id: 'src_shelter_radio_16...
[FalkorDB query] total=6.45ms | cypher=MATCH (ev:Evidence {id: 'ev_cots_1630'}), (subj {id: 'shelter_riverside'}) MERGE...
[FalkorDB query] total=10.42ms | cypher=MERGE (ep:Episode {id: 'ep_change_1630'}) SET ep += {kind: 'ROAD_CLOSURE', text:...
[FalkorDB query] total=5.77ms | cypher=MATCH (sess:Session {id: 'session_outgoing'}), (ep:Episode {id: 'ep_change_1630'...
[FalkorDB query] total=17.99ms | cypher=MATCH (ag:Agent {id: 'agent_ingestor'}), (ep:Episode {id: 'ep_change_1630'}) MER...
[FalkorDB query] total=4.72ms | cypher=MATCH (ep:Episode {id: 'ep_change_1630'}), (f:Fact {id: 'fact_road_west_1630'}) ...
[FalkorDB query] total=7.25ms | cypher=MATCH (ep:Episode {id: 'ep_change_1630'}), (f:Fact {id: 'fact_shelter_a_cots_163...
[FalkorDB query] total=4.38ms | cypher=MATCH (ep:Episode {id: 'ep_change_1630'}), (ev:Evidence {id: 'ev_road_west_1630'...
[FalkorDB query] total=9.19ms | cypher=MATCH (f:Fact {id: $factId}) OPTIONAL MATCH (f)-[:ABOUT]->(subj) OPTIONAL MATCH ...
[FalkorDB query] total=7.78ms | cypher=MATCH (f:Fact {id: $factId}) OPTIONAL MATCH (f)-[:ABOUT]->(subj) OPTIONAL MATCH ...
[FalkorDB query] total=6.28ms | cypher=MATCH (f:Fact {id: $factId}) OPTIONAL MATCH (f)-[:ABOUT]->(subj) OPTIONAL MATCH ...
  Γ£ö blocks Civic Arena until Parks authority is confirmed (2407.9982ms)
[FalkorDB query] total=21.09ms | cypher=MATCH (n) DETACH DELETE n...
[FalkorDB query] total=3.34ms | cypher=MATCH (n) DETACH DELETE n...
[FalkorDB query] total=9.57ms | cypher=       UNWIND $nodes AS n       MERGE (node:Tenant {id: n.id})       SET node +=...
[FalkorDB query] total=5.29ms | cypher=       UNWIND $nodes AS n       MERGE (node:Incident {id: n.id})       SET node ...
[FalkorDB query] total=8.37ms | cypher=       UNWIND $nodes AS n       MERGE (node:Watch {id: n.id})       SET node += ...
[FalkorDB query] total=10.71ms | cypher=       UNWIND $nodes AS n       MERGE (node:Agent {id: n.id})       SET node += ...
[FalkorDB query] total=6.81ms | cypher=       UNWIND $nodes AS n       MERGE (node:Human {id: n.id})       SET node += ...
[FalkorDB query] total=6.94ms | cypher=       UNWIND $nodes AS n       MERGE (node:Session {id: n.id})       SET node +...
[FalkorDB query] total=16.85ms | cypher=       UNWIND $nodes AS n       MERGE (node:Zone {id: n.id})       SET node += n...
[FalkorDB query] total=21.29ms | cypher=       UNWIND $nodes AS n       MERGE (node:Site {id: n.id})       SET node += n...
[FalkorDB query] total=7.31ms | cypher=       UNWIND $nodes AS n       MERGE (node:Road {id: n.id})       SET node += n...
[FalkorDB query] total=3.16ms | cypher=       UNWIND $nodes AS n       MERGE (node:Hazard {id: n.id})       SET node +=...
[FalkorDB query] total=6.74ms | cypher=       UNWIND $nodes AS n       MERGE (node:Constraint {id: n.id})       SET nod...
[FalkorDB query] total=6.38ms | cypher=       UNWIND $nodes AS n       MERGE (node:Source {id: n.id})       SET node +=...
[FalkorDB query] total=7.51ms | cypher=       UNWIND $nodes AS n       MERGE (node:Household {id: n.id})       SET node...
[FalkorDB query] total=7.73ms | cypher=       UNWIND $nodes AS n       MERGE (node:Person {id: n.id})       SET node +=...
[FalkorDB query] total=7.59ms | cypher=       UNWIND $nodes AS n       MERGE (node:Need {id: n.id})       SET node += n...
[FalkorDB query] total=5.08ms | cypher=       UNWIND $nodes AS n       MERGE (node:Shelter {id: n.id})       SET node +...
[FalkorDB query] total=4.06ms | cypher=       UNWIND $nodes AS n       MERGE (node:Agency {id: n.id})       SET node +=...
[FalkorDB query] total=5.09ms | cypher=       UNWIND $nodes AS n       MERGE (node:Asset {id: n.id})       SET node += ...
[FalkorDB query] total=5.55ms | cypher=       UNWIND $nodes AS n       MERGE (node:Fact {id: n.id})       SET node += n...
[FalkorDB query] total=4.14ms | cypher=       UNWIND $nodes AS n       MERGE (node:Evidence {id: n.id})       SET node ...
[FalkorDB query] total=3.82ms | cypher=       UNWIND $nodes AS n       MERGE (node:OpenLoop {id: n.id})       SET node ...
[FalkorDB query] total=3.45ms | cypher=       UNWIND $nodes AS n       MERGE (node:FailedAttempt {id: n.id})       SET ...
[FalkorDB query] total=6.26ms | cypher=       UNWIND $nodes AS n       MERGE (node:Episode {id: n.id})       SET node +...
[FalkorDB query] total=4.30ms | cypher=       UNWIND $nodes AS n       MERGE (node:Decision {id: n.id})       SET node ...
[FalkorDB query] total=5.18ms | cypher=       UNWIND $nodes AS n       MERGE (node:Handoff {id: n.id})       SET node +...
[FalkorDB query] total=5.34ms | cypher=       UNWIND $rels AS r       MATCH (from:Tenant {id: r.from})       MATCH (to:...
[FalkorDB query] total=6.44ms | cypher=       UNWIND $rels AS r       MATCH (from:Incident {id: r.from})       MATCH (t...
[FalkorDB query] total=7.15ms | cypher=       UNWIND $rels AS r       MATCH (from:Agent {id: r.from})       MATCH (to:T...
[FalkorDB query] total=4.89ms | cypher=       UNWIND $rels AS r       MATCH (from:Human {id: r.from})       MATCH (to:T...
[FalkorDB query] total=7.99ms | cypher=       UNWIND $rels AS r       MATCH (from:Person {id: r.from})       MATCH (to:...
[FalkorDB query] total=11.51ms | cypher=       UNWIND $rels AS r       MATCH (from:Watch {id: r.from})       MATCH (to:S...
[FalkorDB query] total=20.23ms | cypher=       UNWIND $rels AS r       MATCH (from:Session {id: r.from})       MATCH (to...
[FalkorDB query] total=13.64ms | cypher=       UNWIND $rels AS r       MATCH (from:Zone {id: r.from})       MATCH (to:Si...
[FalkorDB query] total=27.28ms | cypher=       UNWIND $rels AS r       MATCH (from:Site {id: r.from})       MATCH (to:Si...
[FalkorDB query] total=8.19ms | cypher=       UNWIND $rels AS r       MATCH (from:Road {id: r.from})       MATCH (to:Si...
[FalkorDB query] total=7.72ms | cypher=       UNWIND $rels AS r       MATCH (from:Incident {id: r.from})       MATCH (t...
[FalkorDB query] total=8.46ms | cypher=       UNWIND $rels AS r       MATCH (from:Hazard {id: r.from})       MATCH (to:...
[FalkorDB query] total=11.01ms | cypher=       UNWIND $rels AS r       MATCH (from:Zone {id: r.from})       MATCH (to:Co...
[FalkorDB query] total=12.77ms | cypher=       UNWIND $rels AS r       MATCH (from:Source {id: r.from})       MATCH (to:...
[FalkorDB query] total=17.62ms | cypher=       UNWIND $rels AS r       MATCH (from:Household {id: r.from})       MATCH (...
[FalkorDB query] total=9.72ms | cypher=       UNWIND $rels AS r       MATCH (from:Person {id: r.from})       MATCH (to:...
[FalkorDB query] total=6.81ms | cypher=       UNWIND $rels AS r       MATCH (from:Shelter {id: r.from})       MATCH (to...
[FalkorDB query] total=15.81ms | cypher=       UNWIND $rels AS r       MATCH (from:Household {id: r.from})       MATCH (...
[FalkorDB query] total=9.38ms | cypher=       UNWIND $rels AS r       MATCH (from:Zone {id: r.from})       MATCH (to:Sh...
[FalkorDB query] total=14.31ms | cypher=       UNWIND $rels AS r       MATCH (from:Shelter {id: r.from})       MATCH (to...
[FalkorDB query] total=8.15ms | cypher=       UNWIND $rels AS r       MATCH (from:Asset {id: r.from})       MATCH (to:S...
[FalkorDB query] total=7.89ms | cypher=       UNWIND $rels AS r       MATCH (from:Agency {id: r.from})       MATCH (to:...
[FalkorDB query] total=9.54ms | cypher=       UNWIND $rels AS r       MATCH (from:Agency {id: r.from})       MATCH (to:...
[FalkorDB query] total=11.61ms | cypher=       UNWIND $rels AS r       MATCH (from:Human {id: r.from})       MATCH (to:A...
[FalkorDB query] total=7.03ms | cypher=       UNWIND $rels AS r       MATCH (from:Agent {id: r.from})       MATCH (to:A...
[FalkorDB query] total=6.83ms | cypher=       UNWIND $rels AS r       MATCH (from:Agency {id: r.from})       MATCH (to:...
[FalkorDB query] total=5.68ms | cypher=       UNWIND $rels AS r       MATCH (from:Asset {id: r.from})       MATCH (to:N...
[FalkorDB query] total=8.32ms | cypher=       UNWIND $rels AS r       MATCH (from:Fact {id: r.from})       MATCH (to:Sh...
[FalkorDB query] total=4.31ms | cypher=       UNWIND $rels AS r       MATCH (from:Evidence {id: r.from})       MATCH (t...
[FalkorDB query] total=5.80ms | cypher=       UNWIND $rels AS r       MATCH (from:Fact {id: r.from})       MATCH (to:Ro...
[FalkorDB query] total=8.63ms | cypher=       UNWIND $rels AS r       MATCH (from:Evidence {id: r.from})       MATCH (t...
[FalkorDB query] total=8.37ms | cypher=       UNWIND $rels AS r       MATCH (from:FailedAttempt {id: r.from})       MAT...
[FalkorDB query] total=7.59ms | cypher=       UNWIND $rels AS r       MATCH (from:Fact {id: r.from})       MATCH (to:Ev...
[FalkorDB query] total=6.29ms | cypher=       UNWIND $rels AS r       MATCH (from:Decision {id: r.from})       MATCH (t...
[FalkorDB query] total=7.54ms | cypher=       UNWIND $rels AS r       MATCH (from:Evidence {id: r.from})       MATCH (t...
[FalkorDB query] total=7.67ms | cypher=       UNWIND $rels AS r       MATCH (from:OpenLoop {id: r.from})       MATCH (t...
[FalkorDB query] total=8.01ms | cypher=       UNWIND $rels AS r       MATCH (from:FailedAttempt {id: r.from})       MAT...
[FalkorDB query] total=5.14ms | cypher=       UNWIND $rels AS r       MATCH (from:Session {id: r.from})       MATCH (to...
[FalkorDB query] total=13.21ms | cypher=       UNWIND $rels AS r       MATCH (from:Agent {id: r.from})       MATCH (to:E...
[FalkorDB query] total=6.45ms | cypher=       UNWIND $rels AS r       MATCH (from:Episode {id: r.from})       MATCH (to...
[FalkorDB query] total=10.21ms | cypher=       UNWIND $rels AS r       MATCH (from:Episode {id: r.from})       MATCH (to...
[FalkorDB query] total=15.45ms | cypher=       UNWIND $rels AS r       MATCH (from:Episode {id: r.from})       MATCH (to...
[FalkorDB query] total=10.05ms | cypher=       UNWIND $rels AS r       MATCH (from:Decision {id: r.from})       MATCH (t...
[FalkorDB query] total=14.58ms | cypher=       UNWIND $rels AS r       MATCH (from:Decision {id: r.from})       MATCH (t...
[FalkorDB query] total=13.85ms | cypher=       UNWIND $rels AS r       MATCH (from:Decision {id: r.from})       MATCH (t...
[FalkorDB query] total=20.89ms | cypher=       UNWIND $rels AS r       MATCH (from:Agent {id: r.from})       MATCH (to:D...
[FalkorDB query] total=10.52ms | cypher=       UNWIND $rels AS r       MATCH (from:Decision {id: r.from})       MATCH (t...
[FalkorDB query] total=5.57ms | cypher=       UNWIND $rels AS r       MATCH (from:Episode {id: r.from})       MATCH (to...
[FalkorDB query] total=14.40ms | cypher=       UNWIND $rels AS r       MATCH (from:Watch {id: r.from})       MATCH (to:H...
[FalkorDB query] total=10.83ms | cypher=       UNWIND $rels AS r       MATCH (from:Handoff {id: r.from})       MATCH (to...
[FalkorDB query] total=17.62ms | cypher=       UNWIND $rels AS r       MATCH (from:Handoff {id: r.from})       MATCH (to...
[FalkorDB query] total=23.78ms | cypher=       UNWIND $rels AS r       MATCH (from:Handoff {id: r.from})       MATCH (to...
[FalkorDB query] total=11.52ms | cypher=       UNWIND $rels AS r       MATCH (from:Episode {id: r.from})       MATCH (to...
[FalkorDB roQuery] total=9.97ms | cypher=MATCH (o:OpenLoop) WHERE o.status IN ['OPEN', 'BLOCKED', 'ESCALATED']   AND NOT ...
[FalkorDB roQuery] total=17.68ms | cypher=MATCH (fa:FailedAttempt)-[:ABOUT]->(o:OpenLoop) OPTIONAL MATCH (fa)-[:TARGETS]->...
  Γ£ö detects the unowned overflow loop and the North School failure (816.0535ms)
[FalkorDB query] total=19.64ms | cypher=MATCH (n) DETACH DELETE n...
[FalkorDB query] total=25.18ms | cypher=       UNWIND $nodes AS n       MERGE (node:Tenant {id: n.id})       SET node +=...
[FalkorDB query] total=27.88ms | cypher=       UNWIND $nodes AS n       MERGE (node:Incident {id: n.id})       SET node ...
[FalkorDB query] total=20.39ms | cypher=       UNWIND $nodes AS n       MERGE (node:Watch {id: n.id})       SET node += ...
[FalkorDB query] total=18.65ms | cypher=       UNWIND $nodes AS n       MERGE (node:Agent {id: n.id})       SET node += ...
[FalkorDB query] total=38.68ms | cypher=       UNWIND $nodes AS n       MERGE (node:Human {id: n.id})       SET node += ...
[FalkorDB query] total=20.91ms | cypher=       UNWIND $nodes AS n       MERGE (node:Session {id: n.id})       SET node +...
[FalkorDB query] total=21.52ms | cypher=       UNWIND $nodes AS n       MERGE (node:Zone {id: n.id})       SET node += n...
[FalkorDB query] total=37.87ms | cypher=       UNWIND $nodes AS n       MERGE (node:Site {id: n.id})       SET node += n...
[FalkorDB query] total=28.41ms | cypher=       UNWIND $nodes AS n       MERGE (node:Road {id: n.id})       SET node += n...
[FalkorDB query] total=39.84ms | cypher=       UNWIND $nodes AS n       MERGE (node:Hazard {id: n.id})       SET node +=...
[FalkorDB query] total=52.24ms | cypher=       UNWIND $nodes AS n       MERGE (node:Constraint {id: n.id})       SET nod...
[FalkorDB query] total=53.68ms | cypher=       UNWIND $nodes AS n       MERGE (node:Source {id: n.id})       SET node +=...
[FalkorDB query] total=68.93ms | cypher=       UNWIND $nodes AS n       MERGE (node:Household {id: n.id})       SET node...
[FalkorDB query] total=40.79ms | cypher=       UNWIND $nodes AS n       MERGE (node:Person {id: n.id})       SET node +=...
[FalkorDB query] total=23.21ms | cypher=       UNWIND $nodes AS n       MERGE (node:Need {id: n.id})       SET node += n...
[FalkorDB query] total=63.65ms | cypher=       UNWIND $nodes AS n       MERGE (node:Shelter {id: n.id})       SET node +...
[FalkorDB query] total=91.67ms | cypher=       UNWIND $nodes AS n       MERGE (node:Agency {id: n.id})       SET node +=...
[FalkorDB query] total=76.39ms | cypher=       UNWIND $nodes AS n       MERGE (node:Asset {id: n.id})       SET node += ...
[FalkorDB query] total=146.82ms | cypher=       UNWIND $nodes AS n       MERGE (node:Fact {id: n.id})       SET node += n...
[FalkorDB query] total=37.88ms | cypher=       UNWIND $nodes AS n       MERGE (node:Evidence {id: n.id})       SET node ...
[FalkorDB query] total=37.15ms | cypher=       UNWIND $nodes AS n       MERGE (node:OpenLoop {id: n.id})       SET node ...
[FalkorDB query] total=36.32ms | cypher=       UNWIND $nodes AS n       MERGE (node:FailedAttempt {id: n.id})       SET ...
[FalkorDB query] total=22.85ms | cypher=       UNWIND $nodes AS n       MERGE (node:Episode {id: n.id})       SET node +...
[FalkorDB query] total=14.52ms | cypher=       UNWIND $nodes AS n       MERGE (node:Decision {id: n.id})       SET node ...
[FalkorDB query] total=75.16ms | cypher=       UNWIND $nodes AS n       MERGE (node:Handoff {id: n.id})       SET node +...
[FalkorDB query] total=29.11ms | cypher=       UNWIND $rels AS r       MATCH (from:Tenant {id: r.from})       MATCH (to:...
[FalkorDB query] total=49.08ms | cypher=       UNWIND $rels AS r       MATCH (from:Incident {id: r.from})       MATCH (t...
[FalkorDB query] total=2.57ms | cypher=       UNWIND $rels AS r       MATCH (from:Agent {id: r.from})       MATCH (to:T...
[FalkorDB query] total=1.46ms | cypher=       UNWIND $rels AS r       MATCH (from:Human {id: r.from})       MATCH (to:T...
[FalkorDB query] total=1.42ms | cypher=       UNWIND $rels AS r       MATCH (from:Person {id: r.from})       MATCH (to:...
[FalkorDB query] total=1.22ms | cypher=       UNWIND $rels AS r       MATCH (from:Watch {id: r.from})       MATCH (to:S...
[FalkorDB query] total=1.15ms | cypher=       UNWIND $rels AS r       MATCH (from:Session {id: r.from})       MATCH (to...
[FalkorDB query] total=1.27ms | cypher=       UNWIND $rels AS r       MATCH (from:Zone {id: r.from})       MATCH (to:Si...
[FalkorDB query] total=1.20ms | cypher=       UNWIND $rels AS r       MATCH (from:Site {id: r.from})       MATCH (to:Si...
[FalkorDB query] total=1.16ms | cypher=       UNWIND $rels AS r       MATCH (from:Road {id: r.from})       MATCH (to:Si...
[FalkorDB query] total=1.06ms | cypher=       UNWIND $rels AS r       MATCH (from:Incident {id: r.from})       MATCH (t...
[FalkorDB query] total=54.95ms | cypher=       UNWIND $rels AS r       MATCH (from:Hazard {id: r.from})       MATCH (to:...
[FalkorDB query] total=129.60ms | cypher=       UNWIND $rels AS r       MATCH (from:Zone {id: r.from})       MATCH (to:Co...
[FalkorDB query] total=121.70ms | cypher=       UNWIND $rels AS r       MATCH (from:Source {id: r.from})       MATCH (to:...
[FalkorDB query] total=155.64ms | cypher=       UNWIND $rels AS r       MATCH (from:Household {id: r.from})       MATCH (...
[FalkorDB query] total=120.62ms | cypher=       UNWIND $rels AS r       MATCH (from:Person {id: r.from})       MATCH (to:...
[FalkorDB query] total=100.75ms | cypher=       UNWIND $rels AS r       MATCH (from:Shelter {id: r.from})       MATCH (to...
[FalkorDB query] total=140.14ms | cypher=       UNWIND $rels AS r       MATCH (from:Household {id: r.from})       MATCH (...
[FalkorDB query] total=76.48ms | cypher=       UNWIND $rels AS r       MATCH (from:Zone {id: r.from})       MATCH (to:Sh...
[FalkorDB query] total=82.35ms | cypher=       UNWIND $rels AS r       MATCH (from:Shelter {id: r.from})       MATCH (to...
[FalkorDB query] total=133.49ms | cypher=       UNWIND $rels AS r       MATCH (from:Asset {id: r.from})       MATCH (to:S...
[FalkorDB query] total=935.13ms | cypher=       UNWIND $rels AS r       MATCH (from:Agency {id: r.from})       MATCH (to:...
[FalkorDB query] total=83.44ms | cypher=       UNWIND $rels AS r       MATCH (from:Agency {id: r.from})       MATCH (to:...
[FalkorDB query] total=29.59ms | cypher=       UNWIND $rels AS r       MATCH (from:Human {id: r.from})       MATCH (to:A...
[FalkorDB query] total=194.33ms | cypher=       UNWIND $rels AS r       MATCH (from:Agent {id: r.from})       MATCH (to:A...
[FalkorDB query] total=129.86ms | cypher=       UNWIND $rels AS r       MATCH (from:Agency {id: r.from})       MATCH (to:...
[FalkorDB query] total=8.74ms | cypher=       UNWIND $rels AS r       MATCH (from:Asset {id: r.from})       MATCH (to:N...
[FalkorDB query] total=8.61ms | cypher=       UNWIND $rels AS r       MATCH (from:Fact {id: r.from})       MATCH (to:Sh...
[FalkorDB query] total=6.54ms | cypher=       UNWIND $rels AS r       MATCH (from:Evidence {id: r.from})       MATCH (t...
[FalkorDB query] total=8.00ms | cypher=       UNWIND $rels AS r       MATCH (from:Fact {id: r.from})       MATCH (to:Ro...
[FalkorDB query] total=8.05ms | cypher=       UNWIND $rels AS r       MATCH (from:Evidence {id: r.from})       MATCH (t...
[FalkorDB query] total=6.93ms | cypher=       UNWIND $rels AS r       MATCH (from:FailedAttempt {id: r.from})       MAT...
[FalkorDB query] total=9.39ms | cypher=       UNWIND $rels AS r       MATCH (from:Fact {id: r.from})       MATCH (to:Ev...
[FalkorDB query] total=14.39ms | cypher=       UNWIND $rels AS r       MATCH (from:Decision {id: r.from})       MATCH (t...
[FalkorDB query] total=352.31ms | cypher=       UNWIND $rels AS r       MATCH (from:Evidence {id: r.from})       MATCH (t...
[FalkorDB query] total=15.84ms | cypher=       UNWIND $rels AS r       MATCH (from:OpenLoop {id: r.from})       MATCH (t...
[FalkorDB query] total=764.66ms | cypher=       UNWIND $rels AS r       MATCH (from:FailedAttempt {id: r.from})       MAT...
[FalkorDB query] total=10.52ms | cypher=       UNWIND $rels AS r       MATCH (from:Session {id: r.from})       MATCH (to...
[FalkorDB query] total=20.61ms | cypher=       UNWIND $rels AS r       MATCH (from:Agent {id: r.from})       MATCH (to:E...
[FalkorDB query] total=23.04ms | cypher=       UNWIND $rels AS r       MATCH (from:Episode {id: r.from})       MATCH (to...
[FalkorDB query] total=18.33ms | cypher=       UNWIND $rels AS r       MATCH (from:Episode {id: r.from})       MATCH (to...
[FalkorDB query] total=6.69ms | cypher=       UNWIND $rels AS r       MATCH (from:Episode {id: r.from})       MATCH (to...
[FalkorDB query] total=18.39ms | cypher=       UNWIND $rels AS r       MATCH (from:Decision {id: r.from})       MATCH (t...
[FalkorDB query] total=165.88ms | cypher=       UNWIND $rels AS r       MATCH (from:Decision {id: r.from})       MATCH (t...
[FalkorDB query] total=33.81ms | cypher=       UNWIND $rels AS r       MATCH (from:Decision {id: r.from})       MATCH (t...
[FalkorDB query] total=35.97ms | cypher=       UNWIND $rels AS r       MATCH (from:Agent {id: r.from})       MATCH (to:D...
[FalkorDB query] total=174.60ms | cypher=       UNWIND $rels AS r       MATCH (from:Decision {id: r.from})       MATCH (t...
[FalkorDB query] total=96.66ms | cypher=       UNWIND $rels AS r       MATCH (from:Episode {id: r.from})       MATCH (to...
[FalkorDB query] total=83.35ms | cypher=       UNWIND $rels AS r       MATCH (from:Watch {id: r.from})       MATCH (to:H...
[FalkorDB query] total=139.34ms | cypher=       UNWIND $rels AS r       MATCH (from:Handoff {id: r.from})       MATCH (to...
[FalkorDB query] total=74.51ms | cypher=       UNWIND $rels AS r       MATCH (from:Handoff {id: r.from})       MATCH (to...
[FalkorDB query] total=102.80ms | cypher=       UNWIND $rels AS r       MATCH (from:Handoff {id: r.from})       MATCH (to...
[FalkorDB query] total=70.33ms | cypher=       UNWIND $rels AS r       MATCH (from:Episode {id: r.from})       MATCH (to...
[FalkorDB query] total=46.76ms | cypher=MATCH (r:Road {id: 'road_west_connector'}) SET r.status = 'CLOSED', r.closed_at ...
[FalkorDB query] total=246.18ms | cypher=MATCH (:Site {id: 'site_west_neighborhoods'})-[rel:CONNECTED_BY {road_id: 'road_...
[FalkorDB query] total=41.19ms | cypher=MATCH (s:Shelter {id: 'shelter_riverside'}) SET s.occupied = 52, s.updated_at = ...
[FalkorDB query] total=6.65ms | cypher=MATCH (f:Fact {id: 'fact_road_west_1400'}) SET f.status = 'SUPERSEDED', f.valid_...
[FalkorDB query] total=34.53ms | cypher=MERGE (f:Fact {id: 'fact_road_west_1630'}) SET f += {subject_id: 'road_west_conn...
[FalkorDB query] total=31.95ms | cypher=MATCH (old:Fact {id: 'fact_road_west_1400'}), (new:Fact {id: 'fact_road_west_163...
[FalkorDB query] total=100.13ms | cypher=MATCH (new:Fact {id: 'fact_road_west_1630'}), (subj {id: 'road_west_connector'})...
[FalkorDB query] total=24.94ms | cypher=MERGE (ev:Evidence {id: 'ev_road_west_1630'}) SET ev += {quote: 'DOT: West Conne...
[FalkorDB query] total=10.26ms | cypher=MATCH (f:Fact {id: 'fact_road_west_1630'}), (ev:Evidence {id: 'ev_road_west_1630...
[FalkorDB query] total=32.24ms | cypher=MATCH (ev:Evidence {id: 'ev_road_west_1630'}), (src:Source {id: 'src_dot_1630'})...
[FalkorDB query] total=29.91ms | cypher=MATCH (ev:Evidence {id: 'ev_road_west_1630'}), (subj {id: 'road_west_connector'}...
[FalkorDB query] total=217.76ms | cypher=MATCH (f:Fact {id: 'fact_shelter_a_cots_1400'}) SET f.status = 'SUPERSEDED', f.v...
[FalkorDB query] total=116.15ms | cypher=MERGE (f:Fact {id: 'fact_shelter_a_cots_1630'}) SET f += {subject_id: 'shelter_r...
[FalkorDB query] total=7.97ms | cypher=MATCH (old:Fact {id: 'fact_shelter_a_cots_1400'}), (new:Fact {id: 'fact_shelter_...
[FalkorDB query] total=16.31ms | cypher=MATCH (new:Fact {id: 'fact_shelter_a_cots_1630'}), (subj {id: 'shelter_riverside...
[FalkorDB query] total=18.12ms | cypher=MERGE (ev:Evidence {id: 'ev_cots_1630'}) SET ev += {quote: 'Riverside High: gym ...
[FalkorDB query] total=117.11ms | cypher=MATCH (f:Fact {id: 'fact_shelter_a_cots_1630'}), (ev:Evidence {id: 'ev_cots_1630...
[FalkorDB query] total=65.83ms | cypher=MATCH (ev:Evidence {id: 'ev_cots_1630'}), (src:Source {id: 'src_shelter_radio_16...
[FalkorDB query] total=66.83ms | cypher=MATCH (ev:Evidence {id: 'ev_cots_1630'}), (subj {id: 'shelter_riverside'}) MERGE...
[FalkorDB query] total=30.03ms | cypher=MERGE (ep:Episode {id: 'ep_change_1630'}) SET ep += {kind: 'ROAD_CLOSURE', text:...
[FalkorDB query] total=37.81ms | cypher=MATCH (sess:Session {id: 'session_outgoing'}), (ep:Episode {id: 'ep_change_1630'...
[FalkorDB query] total=42.43ms | cypher=MATCH (ag:Agent {id: 'agent_ingestor'}), (ep:Episode {id: 'ep_change_1630'}) MER...
[FalkorDB query] total=40.10ms | cypher=MATCH (ep:Episode {id: 'ep_change_1630'}), (f:Fact {id: 'fact_road_west_1630'}) ...
[FalkorDB query] total=132.06ms | cypher=MATCH (ep:Episode {id: 'ep_change_1630'}), (f:Fact {id: 'fact_shelter_a_cots_163...
[FalkorDB query] total=213.68ms | cypher=MATCH (ep:Episode {id: 'ep_change_1630'}), (ev:Evidence {id: 'ev_road_west_1630'...
[FalkorDB query] total=128.24ms | cypher=MATCH (a:Agency {id: 'agency_parks'}), (z:Zone {id: 'zone_civic'}) MERGE (a)-[r:...
[FalkorDB query] total=469.26ms | cypher=MERGE (ep:Episode {id: 'ep_authority_confirm'}) SET ep += {kind: 'AUTHORITY_CONF...
[FalkorDB query] total=54.20ms | cypher=MATCH (ag:Agent {id: 'agent_coordinator'}), (ep:Episode {id: 'ep_authority_confi...
[FalkorDB roQuery] total=545.49ms | cypher=MATCH (h:Hazard {id: $hazard_id})-[:AFFECTS]->(z:Zone) MATCH (hh:Household)-[:LO...
[FalkorDB roQuery] total=66.51ms | cypher=MATCH (f:Fact)-[:ABOUT]->(subject) WHERE f.valid_from <= $reference_time   AND (...
[FalkorDB roQuery] total=57.75ms | cypher=MATCH (s:Site)-[r:CONNECTED_BY]->(t:Site) RETURN s.id as from, t.id as to, r...
[FalkorDB query] total=90.48ms | cypher=MATCH (n {id: $id}) RETURN n...
[FalkorDB query] total=35.15ms | cypher=MATCH ({id: $id})-[:AFFECTS]->(z) RETURN z...
[FalkorDB query] total=32.15ms | cypher=MATCH (n {id: $id}) RETURN n...
[FalkorDB query] total=42.63ms | cypher=MATCH (h:Household)-[:HAS_NEED]->(n:Need) RETURN h, n LIMIT 1...
[FalkorDB query] total=149.71ms | cypher=MATCH (n {id: $id}) RETURN n...
[FalkorDB query] total=151.69ms | cypher=MATCH (n {id: $id}) RETURN n...
[FalkorDB query] total=110.54ms | cypher=MATCH (n {id: $id}) RETURN n...
[FalkorDB query] total=98.69ms | cypher=MATCH (n {id: $id}) RETURN n...
[FalkorDB query] total=60.94ms | cypher=MATCH (n {id: $id}) RETURN n...
[FalkorDB query] total=45.99ms | cypher=MATCH (n {id: $id}) RETURN n...
[FalkorDB query] total=39.94ms | cypher=MATCH (n {id: $id}) RETURN n...
[FalkorDB query] total=38.87ms | cypher=MATCH (n {id: $id}) RETURN n...
[FalkorDB query] total=23.24ms | cypher=MATCH (n {id: $id}) RETURN n...
[FalkorDB query] total=13.25ms | cypher=MATCH (f:Fact)-[:ABOUT]->(about) WHERE f.status = 'VALID' AND about.id IN $ids R...
[FalkorDB query] total=28.37ms | cypher=MATCH (f:Fact {id: $factId})-[:SUPPORTED_BY]->(e:Evidence) OPTIONAL MATCH (e)-[:...
[FalkorDB query] total=25.87ms | cypher=MATCH (f:Fact {id: $factId})-[:SUPPORTED_BY]->(e:Evidence) OPTIONAL MATCH (e)-[:...
[FalkorDB query] total=14.98ms | cypher=MATCH (f:Fact {id: $factId})-[:SUPPORTED_BY]->(e:Evidence) OPTIONAL MATCH (e)-[:...
[FalkorDB query] total=13.82ms | cypher=MATCH (n {id: $id}) RETURN n.name as name...
  Γ£ö never auto-approves a planner proposal (10086.5123ms)
[FalkorDB query] total=26.78ms | cypher=MATCH (n) DETACH DELETE n...
[FalkorDB query] total=33.50ms | cypher=       UNWIND $nodes AS n       MERGE (node:Tenant {id: n.id})       SET node +=...
[FalkorDB query] total=19.51ms | cypher=       UNWIND $nodes AS n       MERGE (node:Incident {id: n.id})       SET node ...
[FalkorDB query] total=13.92ms | cypher=       UNWIND $nodes AS n       MERGE (node:Watch {id: n.id})       SET node += ...
[FalkorDB query] total=18.91ms | cypher=       UNWIND $nodes AS n       MERGE (node:Agent {id: n.id})       SET node += ...
[FalkorDB query] total=13.94ms | cypher=       UNWIND $nodes AS n       MERGE (node:Human {id: n.id})       SET node += ...
[FalkorDB query] total=31.62ms | cypher=       UNWIND $nodes AS n       MERGE (node:Session {id: n.id})       SET node +...
[FalkorDB query] total=11.75ms | cypher=       UNWIND $nodes AS n       MERGE (node:Zone {id: n.id})       SET node += n...
[FalkorDB query] total=24.42ms | cypher=       UNWIND $nodes AS n       MERGE (node:Site {id: n.id})       SET node += n...
[FalkorDB query] total=21.02ms | cypher=       UNWIND $nodes AS n       MERGE (node:Road {id: n.id})       SET node += n...
[FalkorDB query] total=9.04ms | cypher=       UNWIND $nodes AS n       MERGE (node:Hazard {id: n.id})       SET node +=...
[FalkorDB query] total=17.12ms | cypher=       UNWIND $nodes AS n       MERGE (node:Constraint {id: n.id})       SET nod...
[FalkorDB query] total=9.00ms | cypher=       UNWIND $nodes AS n       MERGE (node:Source {id: n.id})       SET node +=...
[FalkorDB query] total=22.59ms | cypher=       UNWIND $nodes AS n       MERGE (node:Household {id: n.id})       SET node...
[FalkorDB query] total=17.93ms | cypher=       UNWIND $nodes AS n       MERGE (node:Person {id: n.id})       SET node +=...
[FalkorDB query] total=20.32ms | cypher=       UNWIND $nodes AS n       MERGE (node:Need {id: n.id})       SET node += n...
[FalkorDB query] total=12.54ms | cypher=       UNWIND $nodes AS n       MERGE (node:Shelter {id: n.id})       SET node +...
[FalkorDB query] total=17.15ms | cypher=       UNWIND $nodes AS n       MERGE (node:Agency {id: n.id})       SET node +=...
[FalkorDB query] total=15.11ms | cypher=       UNWIND $nodes AS n       MERGE (node:Asset {id: n.id})       SET node += ...
[FalkorDB query] total=18.09ms | cypher=       UNWIND $nodes AS n       MERGE (node:Fact {id: n.id})       SET node += n...
[FalkorDB query] total=11.25ms | cypher=       UNWIND $nodes AS n       MERGE (node:Evidence {id: n.id})       SET node ...
[FalkorDB query] total=12.71ms | cypher=       UNWIND $nodes AS n       MERGE (node:OpenLoop {id: n.id})       SET node ...
[FalkorDB query] total=5.38ms | cypher=       UNWIND $nodes AS n       MERGE (node:FailedAttempt {id: n.id})       SET ...
[FalkorDB query] total=16.54ms | cypher=       UNWIND $nodes AS n       MERGE (node:Episode {id: n.id})       SET node +...
[FalkorDB query] total=20.42ms | cypher=       UNWIND $nodes AS n       MERGE (node:Decision {id: n.id})       SET node ...
[FalkorDB query] total=12.90ms | cypher=       UNWIND $nodes AS n       MERGE (node:Handoff {id: n.id})       SET node +...
[FalkorDB query] total=11.91ms | cypher=       UNWIND $rels AS r       MATCH (from:Tenant {id: r.from})       MATCH (to:...
[FalkorDB query] total=9.38ms | cypher=       UNWIND $rels AS r       MATCH (from:Incident {id: r.from})       MATCH (t...
[FalkorDB query] total=10.81ms | cypher=       UNWIND $rels AS r       MATCH (from:Agent {id: r.from})       MATCH (to:T...
[FalkorDB query] total=10.36ms | cypher=       UNWIND $rels AS r       MATCH (from:Human {id: r.from})       MATCH (to:T...
[FalkorDB query] total=6.65ms | cypher=       UNWIND $rels AS r       MATCH (from:Person {id: r.from})       MATCH (to:...
[FalkorDB query] total=7.63ms | cypher=       UNWIND $rels AS r       MATCH (from:Watch {id: r.from})       MATCH (to:S...
[FalkorDB query] total=3.63ms | cypher=       UNWIND $rels AS r       MATCH (from:Session {id: r.from})       MATCH (to...
[FalkorDB query] total=5.38ms | cypher=       UNWIND $rels AS r       MATCH (from:Zone {id: r.from})       MATCH (to:Si...
[FalkorDB query] total=9.85ms | cypher=       UNWIND $rels AS r       MATCH (from:Site {id: r.from})       MATCH (to:Si...
[FalkorDB query] total=8.28ms | cypher=       UNWIND $rels AS r       MATCH (from:Road {id: r.from})       MATCH (to:Si...
[FalkorDB query] total=7.36ms | cypher=       UNWIND $rels AS r       MATCH (from:Incident {id: r.from})       MATCH (t...
[FalkorDB query] total=6.82ms | cypher=       UNWIND $rels AS r       MATCH (from:Hazard {id: r.from})       MATCH (to:...
[FalkorDB query] total=5.10ms | cypher=       UNWIND $rels AS r       MATCH (from:Zone {id: r.from})       MATCH (to:Co...
[FalkorDB query] total=5.03ms | cypher=       UNWIND $rels AS r       MATCH (from:Source {id: r.from})       MATCH (to:...
[FalkorDB query] total=6.13ms | cypher=       UNWIND $rels AS r       MATCH (from:Household {id: r.from})       MATCH (...
[FalkorDB query] total=3.62ms | cypher=       UNWIND $rels AS r       MATCH (from:Person {id: r.from})       MATCH (to:...
[FalkorDB query] total=6.83ms | cypher=       UNWIND $rels AS r       MATCH (from:Shelter {id: r.from})       MATCH (to...
[FalkorDB query] total=6.45ms | cypher=       UNWIND $rels AS r       MATCH (from:Household {id: r.from})       MATCH (...
[FalkorDB query] total=7.09ms | cypher=       UNWIND $rels AS r       MATCH (from:Zone {id: r.from})       MATCH (to:Sh...
[FalkorDB query] total=9.52ms | cypher=       UNWIND $rels AS r       MATCH (from:Shelter {id: r.from})       MATCH (to...
[FalkorDB query] total=4.73ms | cypher=       UNWIND $rels AS r       MATCH (from:Asset {id: r.from})       MATCH (to:S...
[FalkorDB query] total=14.36ms | cypher=       UNWIND $rels AS r       MATCH (from:Agency {id: r.from})       MATCH (to:...
[FalkorDB query] total=10.11ms | cypher=       UNWIND $rels AS r       MATCH (from:Agency {id: r.from})       MATCH (to:...
[FalkorDB query] total=12.43ms | cypher=       UNWIND $rels AS r       MATCH (from:Human {id: r.from})       MATCH (to:A...
[FalkorDB query] total=7.14ms | cypher=       UNWIND $rels AS r       MATCH (from:Agent {id: r.from})       MATCH (to:A...
[FalkorDB query] total=20.46ms | cypher=       UNWIND $rels AS r       MATCH (from:Agency {id: r.from})       MATCH (to:...
[FalkorDB query] total=37.76ms | cypher=       UNWIND $rels AS r       MATCH (from:Asset {id: r.from})       MATCH (to:N...
[FalkorDB query] total=23.11ms | cypher=       UNWIND $rels AS r       MATCH (from:Fact {id: r.from})       MATCH (to:Sh...
[FalkorDB query] total=10.99ms | cypher=       UNWIND $rels AS r       MATCH (from:Evidence {id: r.from})       MATCH (t...
[FalkorDB query] total=15.67ms | cypher=       UNWIND $rels AS r       MATCH (from:Fact {id: r.from})       MATCH (to:Ro...
[FalkorDB query] total=8.73ms | cypher=       UNWIND $rels AS r       MATCH (from:Evidence {id: r.from})       MATCH (t...
[FalkorDB query] total=7.51ms | cypher=       UNWIND $rels AS r       MATCH (from:FailedAttempt {id: r.from})       MAT...
[FalkorDB query] total=6.61ms | cypher=       UNWIND $rels AS r       MATCH (from:Fact {id: r.from})       MATCH (to:Ev...
[FalkorDB query] total=7.98ms | cypher=       UNWIND $rels AS r       MATCH (from:Decision {id: r.from})       MATCH (t...
[FalkorDB query] total=8.65ms | cypher=       UNWIND $rels AS r       MATCH (from:Evidence {id: r.from})       MATCH (t...
[FalkorDB query] total=8.18ms | cypher=       UNWIND $rels AS r       MATCH (from:OpenLoop {id: r.from})       MATCH (t...
[FalkorDB query] total=8.22ms | cypher=       UNWIND $rels AS r       MATCH (from:FailedAttempt {id: r.from})       MAT...
[FalkorDB query] total=8.34ms | cypher=       UNWIND $rels AS r       MATCH (from:Session {id: r.from})       MATCH (to...
[FalkorDB query] total=8.50ms | cypher=       UNWIND $rels AS r       MATCH (from:Agent {id: r.from})       MATCH (to:E...
[FalkorDB query] total=5.65ms | cypher=       UNWIND $rels AS r       MATCH (from:Episode {id: r.from})       MATCH (to...
[FalkorDB query] total=4.96ms | cypher=       UNWIND $rels AS r       MATCH (from:Episode {id: r.from})       MATCH (to...
[FalkorDB query] total=6.74ms | cypher=       UNWIND $rels AS r       MATCH (from:Episode {id: r.from})       MATCH (to...
[FalkorDB query] total=5.71ms | cypher=       UNWIND $rels AS r       MATCH (from:Decision {id: r.from})       MATCH (t...
[FalkorDB query] total=7.19ms | cypher=       UNWIND $rels AS r       MATCH (from:Decision {id: r.from})       MATCH (t...
[FalkorDB query] total=8.01ms | cypher=       UNWIND $rels AS r       MATCH (from:Decision {id: r.from})       MATCH (t...
[FalkorDB query] total=5.78ms | cypher=       UNWIND $rels AS r       MATCH (from:Agent {id: r.from})       MATCH (to:D...
[FalkorDB query] total=4.55ms | cypher=       UNWIND $rels AS r       MATCH (from:Decision {id: r.from})       MATCH (t...
[FalkorDB query] total=5.66ms | cypher=       UNWIND $rels AS r       MATCH (from:Episode {id: r.from})       MATCH (to...
[FalkorDB query] total=6.22ms | cypher=       UNWIND $rels AS r       MATCH (from:Watch {id: r.from})       MATCH (to:H...
[FalkorDB query] total=5.78ms | cypher=       UNWIND $rels AS r       MATCH (from:Handoff {id: r.from})       MATCH (to...
[FalkorDB query] total=5.36ms | cypher=       UNWIND $rels AS r       MATCH (from:Handoff {id: r.from})       MATCH (to...
[FalkorDB query] total=19.72ms | cypher=       UNWIND $rels AS r       MATCH (from:Handoff {id: r.from})       MATCH (to...
[FalkorDB query] total=4.82ms | cypher=       UNWIND $rels AS r       MATCH (from:Episode {id: r.from})       MATCH (to...
[FalkorDB query] total=11.96ms | cypher=MATCH (r:Road {id: 'road_west_connector'}) SET r.status = 'CLOSED', r.closed_at ...
[FalkorDB query] total=18.18ms | cypher=MATCH (:Site {id: 'site_west_neighborhoods'})-[rel:CONNECTED_BY {road_id: 'road_...
[FalkorDB query] total=7.54ms | cypher=MATCH (s:Shelter {id: 'shelter_riverside'}) SET s.occupied = 52, s.updated_at = ...
[FalkorDB query] total=4.74ms | cypher=MATCH (f:Fact {id: 'fact_road_west_1400'}) SET f.status = 'SUPERSEDED', f.valid_...
[FalkorDB query] total=4.95ms | cypher=MERGE (f:Fact {id: 'fact_road_west_1630'}) SET f += {subject_id: 'road_west_conn...
[FalkorDB query] total=14.41ms | cypher=MATCH (old:Fact {id: 'fact_road_west_1400'}), (new:Fact {id: 'fact_road_west_163...
[FalkorDB query] total=9.36ms | cypher=MATCH (new:Fact {id: 'fact_road_west_1630'}), (subj {id: 'road_west_connector'})...
[FalkorDB query] total=9.12ms | cypher=MERGE (ev:Evidence {id: 'ev_road_west_1630'}) SET ev += {quote: 'DOT: West Conne...
[FalkorDB query] total=6.18ms | cypher=MATCH (f:Fact {id: 'fact_road_west_1630'}), (ev:Evidence {id: 'ev_road_west_1630...
[FalkorDB query] total=4.13ms | cypher=MATCH (ev:Evidence {id: 'ev_road_west_1630'}), (src:Source {id: 'src_dot_1630'})...
[FalkorDB query] total=5.76ms | cypher=MATCH (ev:Evidence {id: 'ev_road_west_1630'}), (subj {id: 'road_west_connector'}...
[FalkorDB query] total=5.76ms | cypher=MATCH (f:Fact {id: 'fact_shelter_a_cots_1400'}) SET f.status = 'SUPERSEDED', f.v...
[FalkorDB query] total=4.76ms | cypher=MERGE (f:Fact {id: 'fact_shelter_a_cots_1630'}) SET f += {subject_id: 'shelter_r...
[FalkorDB query] total=8.75ms | cypher=MATCH (old:Fact {id: 'fact_shelter_a_cots_1400'}), (new:Fact {id: 'fact_shelter_...
[FalkorDB query] total=6.48ms | cypher=MATCH (new:Fact {id: 'fact_shelter_a_cots_1630'}), (subj {id: 'shelter_riverside...
[FalkorDB query] total=7.01ms | cypher=MERGE (ev:Evidence {id: 'ev_cots_1630'}) SET ev += {quote: 'Riverside High: gym ...
[FalkorDB query] total=7.06ms | cypher=MATCH (f:Fact {id: 'fact_shelter_a_cots_1630'}), (ev:Evidence {id: 'ev_cots_1630...
[FalkorDB query] total=8.48ms | cypher=MATCH (ev:Evidence {id: 'ev_cots_1630'}), (src:Source {id: 'src_shelter_radio_16...
[FalkorDB query] total=7.07ms | cypher=MATCH (ev:Evidence {id: 'ev_cots_1630'}), (subj {id: 'shelter_riverside'}) MERGE...
[FalkorDB query] total=7.03ms | cypher=MERGE (ep:Episode {id: 'ep_change_1630'}) SET ep += {kind: 'ROAD_CLOSURE', text:...
[FalkorDB query] total=4.74ms | cypher=MATCH (sess:Session {id: 'session_outgoing'}), (ep:Episode {id: 'ep_change_1630'...
[FalkorDB query] total=5.89ms | cypher=MATCH (ag:Agent {id: 'agent_ingestor'}), (ep:Episode {id: 'ep_change_1630'}) MER...
[FalkorDB query] total=5.72ms | cypher=MATCH (ep:Episode {id: 'ep_change_1630'}), (f:Fact {id: 'fact_road_west_1630'}) ...
[FalkorDB query] total=6.41ms | cypher=MATCH (ep:Episode {id: 'ep_change_1630'}), (f:Fact {id: 'fact_shelter_a_cots_163...
[FalkorDB query] total=4.17ms | cypher=MATCH (ep:Episode {id: 'ep_change_1630'}), (ev:Evidence {id: 'ev_road_west_1630'...
[FalkorDB query] total=5.92ms | cypher=MATCH (a:Agency {id: 'agency_parks'}), (z:Zone {id: 'zone_civic'}) MERGE (a)-[r:...
[FalkorDB query] total=6.93ms | cypher=MERGE (ep:Episode {id: 'ep_authority_confirm'}) SET ep += {kind: 'AUTHORITY_CONF...
[FalkorDB query] total=4.44ms | cypher=MATCH (ag:Agent {id: 'agent_coordinator'}), (ep:Episode {id: 'ep_authority_confi...
[FalkorDB roQuery] total=37.25ms | cypher=MATCH (h:Hazard {id: $hazard_id})-[:AFFECTS]->(z:Zone) MATCH (hh:Household)-[:LO...
[FalkorDB roQuery] total=9.08ms | cypher=MATCH (f:Fact)-[:ABOUT]->(subject) WHERE f.valid_from <= $reference_time   AND (...
[FalkorDB roQuery] total=15.42ms | cypher=MATCH (s:Site)-[r:CONNECTED_BY]->(t:Site) RETURN s.id as from, t.id as to, r...
[FalkorDB query] total=7.62ms | cypher=MATCH (n {id: $id}) RETURN n...
[FalkorDB query] total=8.75ms | cypher=MATCH ({id: $id})-[:AFFECTS]->(z) RETURN z...
[FalkorDB query] total=5.03ms | cypher=MATCH (n {id: $id}) RETURN n...
[FalkorDB query] total=6.44ms | cypher=MATCH (h:Household)-[:HAS_NEED]->(n:Need) RETURN h, n LIMIT 1...
[FalkorDB query] total=3.84ms | cypher=MATCH (n {id: $id}) RETURN n...
[FalkorDB query] total=5.37ms | cypher=MATCH (n {id: $id}) RETURN n...
[FalkorDB query] total=2.99ms | cypher=MATCH (n {id: $id}) RETURN n...
[FalkorDB query] total=5.63ms | cypher=MATCH (n {id: $id}) RETURN n...
[FalkorDB query] total=3.20ms | cypher=MATCH (n {id: $id}) RETURN n...
[FalkorDB query] total=6.39ms | cypher=MATCH (n {id: $id}) RETURN n...
[FalkorDB query] total=5.56ms | cypher=MATCH (n {id: $id}) RETURN n...
[FalkorDB query] total=4.07ms | cypher=MATCH (n {id: $id}) RETURN n...
[FalkorDB query] total=13.30ms | cypher=MATCH (n {id: $id}) RETURN n...
[FalkorDB query] total=9.17ms | cypher=MATCH (f:Fact)-[:ABOUT]->(about) WHERE f.status = 'VALID' AND about.id IN $ids R...
[FalkorDB query] total=7.69ms | cypher=MATCH (f:Fact {id: $factId})-[:SUPPORTED_BY]->(e:Evidence) OPTIONAL MATCH (e)-[:...
[FalkorDB query] total=6.63ms | cypher=MATCH (f:Fact {id: $factId})-[:SUPPORTED_BY]->(e:Evidence) OPTIONAL MATCH (e)-[:...
[FalkorDB query] total=7.98ms | cypher=MATCH (f:Fact {id: $factId})-[:SUPPORTED_BY]->(e:Evidence) OPTIONAL MATCH (e)-[:...
[FalkorDB query] total=7.99ms | cypher=MATCH (n {id: $id}) RETURN n.name as name...
[FalkorDB query] total=8.29ms | cypher=MERGE (d:DecisionTrace {id: 'trace_1800'}) SET d += {question: 'Which accessible...
[FalkorDB query] total=8.76ms | cypher=MERGE (d:Decision {id: $decisionId}) SET d += {action_kind: 'TRANSFER_TO_SHELTER...
[FalkorDB query] total=8.65ms | cypher=MATCH (t:DecisionTrace {id: 'trace_1800'}), (d:Decision {id: $decisionId}) MERGE...
[FalkorDB query] total=6.73ms | cypher=MATCH (d:Decision {id: $decisionId}), (i:Incident {id: 'inc_cedar_flood'}) MERGE...
[FalkorDB query] total=8.01ms | cypher=MATCH (d:Decision {id: $decisionId}), (z:Zone {id: $zoneId}) MERGE (d)-[:FOR_ZON...
[FalkorDB query] total=6.74ms | cypher=MATCH (a:Agent {id: 'agent_planner'}), (d:Decision {id: $decisionId}) MERGE (a)-...
[FalkorDB query] total=5.73ms | cypher=MATCH (d:Decision {id: $decisionId}), (h:Human {id: 'human_approver'}) MERGE (d)...
[FalkorDB query] total=9.61ms | cypher=MATCH (d:Decision {id: $decisionId}), (f:Fact {id: $fid}) MERGE (d)-[:USES_FACT]...
[FalkorDB query] total=7.27ms | cypher=MATCH (d:Decision {id: $decisionId}), (f:Fact {id: $fid}) MERGE (d)-[:USES_FACT]...
[FalkorDB query] total=3.36ms | cypher=MATCH (d:Decision {id: $decisionId}), (f:Fact {id: $fid}) MERGE (d)-[:USES_FACT]...
[FalkorDB query] total=6.99ms | cypher=MATCH (d:Decision {id: $decisionId}), (e:Evidence {id: $eid}) MERGE (d)-[:SUPPOR...
[FalkorDB query] total=5.81ms | cypher=MATCH (d:Decision {id: $decisionId}), (e:Evidence {id: $eid}) MERGE (d)-[:SUPPOR...
[FalkorDB query] total=4.42ms | cypher=MATCH (d:Decision {id: $decisionId}), (e:Evidence {id: $eid}) MERGE (d)-[:SUPPOR...
[FalkorDB query] total=5.37ms | cypher=MATCH (d:Decision {id: $decisionId}) SET d.status = $status, d.updated_at = $at...
[FalkorDB query] total=5.25ms | cypher=MATCH (d:Decision {id: $decisionId}) SET d.approved_at = $v...
[FalkorDB query] total=3.68ms | cypher=MATCH (d:Decision {id: $decisionId}) SET d.approved_by = $v...
[FalkorDB query] total=5.75ms | cypher=MATCH (d {id: 'd_incoming_plan'}) RETURN d...
  Γ£ö records human approval on the decision node (1461.4918ms)
Γ£û Loci winning demo (25818.4658ms)
Γû╢ clock labels
  Γ£ö uses the canonical demo timestamps (0.4906ms)
Γ£ö clock labels (0.803ms)
